BL51 BANKED LINKER/LOCATER V6.22.4.0                                                    12/07/2024  22:04:40  PAGE 1


BL51 BANKED LINKER/LOCATER V6.22.4.0, INVOKED BY:
E:\PROGRAM FILES\KEIL_V5\KEIL_ARM\C51\BIN\BL51.EXE .\Objects\main.obj, .\Objects\oled.obj, .\Objects\oled_data.obj, .\Ob
>> jects\bluetooth.obj, .\Objects\WS2812.obj, .\Objects\USART.obj, .\Objects\DMP.obj, .\Objects\MPU6050.obj, .\Objects\S
>> oft_I2C.obj, .\Objects\tetris.obj, .\Objects\snake.obj TO .\Objects\PLAY_Game PRINT (.\Listings\PLAY_Game.m51) RAMSIZ
>> E (256)


MEMORY MODEL: LARGE WITH FLOATING POINT ARITHMETIC


INPUT MODULES INCLUDED:
  .\Objects\main.obj (MAIN)
  .\Objects\oled.obj (OLED)
  .\Objects\oled_data.obj (OLED_DATA)
  .\Objects\bluetooth.obj (BLUETOOTH)
  .\Objects\WS2812.obj (WS2812)
  .\Objects\USART.obj (USART)
  .\Objects\DMP.obj (DMP)
  .\Objects\MPU6050.obj (MPU6050)
  .\Objects\Soft_I2C.obj (SOFT_I2C)
  .\Objects\tetris.obj (TETRIS)
  .\Objects\snake.obj (SNAKE)
  E:\PROGRAM FILES\KEIL_V5\KEIL_ARM\C51\LIB\C51FPL.LIB (?C?FPADD)
  E:\PROGRAM FILES\KEIL_V5\KEIL_ARM\C51\LIB\C51FPL.LIB (?C?FPMUL)
  E:\PROGRAM FILES\KEIL_V5\KEIL_ARM\C51\LIB\C51FPL.LIB (?C?FPDIV)
  E:\PROGRAM FILES\KEIL_V5\KEIL_ARM\C51\LIB\C51FPL.LIB (?C?FPCMP)
  E:\PROGRAM FILES\KEIL_V5\KEIL_ARM\C51\LIB\C51FPL.LIB (?C?FPNEG)
  E:\PROGRAM FILES\KEIL_V5\KEIL_ARM\C51\LIB\C51FPL.LIB (?C?FCAST)
  E:\PROGRAM FILES\KEIL_V5\KEIL_ARM\C51\LIB\C51FPL.LIB (?C?CASTF)
  E:\PROGRAM FILES\KEIL_V5\KEIL_ARM\C51\LIB\C51FPL.LIB (ATAN2)
  E:\PROGRAM FILES\KEIL_V5\KEIL_ARM\C51\LIB\C51FPL.LIB (ASIN)
  E:\PROGRAM FILES\KEIL_V5\KEIL_ARM\C51\LIB\C51FPL.LIB (?C?FPGETOPN)
  E:\PROGRAM FILES\KEIL_V5\KEIL_ARM\C51\LIB\C51FPL.LIB (SQRT)
  E:\PROGRAM FILES\KEIL_V5\KEIL_ARM\C51\LIB\C51FPL.LIB (ATAN)
  E:\PROGRAM FILES\KEIL_V5\KEIL_ARM\C51\LIB\C51FPL.LIB (?C?FPSERIES)
  E:\PROGRAM FILES\KEIL_V5\KEIL_ARM\C51\LIB\C51L.LIB (?C_STARTUP)
  E:\PROGRAM FILES\KEIL_V5\KEIL_ARM\C51\LIB\C51L.LIB (?C?COPY)
  E:\PROGRAM FILES\KEIL_V5\KEIL_ARM\C51\LIB\C51L.LIB (?C?CLDPTR)
  E:\PROGRAM FILES\KEIL_V5\KEIL_ARM\C51\LIB\C51L.LIB (?C?CLDOPTR)
  E:\PROGRAM FILES\KEIL_V5\KEIL_ARM\C51\LIB\C51L.LIB (?C?CSTPTR)
  E:\PROGRAM FILES\KEIL_V5\KEIL_ARM\C51\LIB\C51L.LIB (?C?IMUL)
  E:\PROGRAM FILES\KEIL_V5\KEIL_ARM\C51\LIB\C51L.LIB (?C?UIDIV)
  E:\PROGRAM FILES\KEIL_V5\KEIL_ARM\C51\LIB\C51L.LIB (?C?SIDIV)
  E:\PROGRAM FILES\KEIL_V5\KEIL_ARM\C51\LIB\C51L.LIB (?C?ILDIX)
  E:\PROGRAM FILES\KEIL_V5\KEIL_ARM\C51\LIB\C51L.LIB (?C?ILDOPTR)
  E:\PROGRAM FILES\KEIL_V5\KEIL_ARM\C51\LIB\C51L.LIB (?C?LMUL)
  E:\PROGRAM FILES\KEIL_V5\KEIL_ARM\C51\LIB\C51L.LIB (?C?ULDIV)
  E:\PROGRAM FILES\KEIL_V5\KEIL_ARM\C51\LIB\C51L.LIB (?C?SLDIV)
  E:\PROGRAM FILES\KEIL_V5\KEIL_ARM\C51\LIB\C51L.LIB (?C?LNEG)
  E:\PROGRAM FILES\KEIL_V5\KEIL_ARM\C51\LIB\C51L.LIB (?C?ULCMP)
  E:\PROGRAM FILES\KEIL_V5\KEIL_ARM\C51\LIB\C51L.LIB (?C?LLDXDATA)
  E:\PROGRAM FILES\KEIL_V5\KEIL_ARM\C51\LIB\C51L.LIB (?C?LLDCODE)
  E:\PROGRAM FILES\KEIL_V5\KEIL_ARM\C51\LIB\C51L.LIB (?C?LLDXDATA0)
  E:\PROGRAM FILES\KEIL_V5\KEIL_ARM\C51\LIB\C51L.LIB (?C?LLDCODE0)
  E:\PROGRAM FILES\KEIL_V5\KEIL_ARM\C51\LIB\C51L.LIB (?C?LLDIXDATA)
  E:\PROGRAM FILES\KEIL_V5\KEIL_ARM\C51\LIB\C51L.LIB (?C?LSTXDATA)
  E:\PROGRAM FILES\KEIL_V5\KEIL_ARM\C51\LIB\C51L.LIB (?C?LSTKXDATA)
  E:\PROGRAM FILES\KEIL_V5\KEIL_ARM\C51\LIB\C51L.LIB (?C?OFFXADD)
BL51 BANKED LINKER/LOCATER V6.22.4.0                                                  12/07/2024  22:04:40  PAGE 2


  E:\PROGRAM FILES\KEIL_V5\KEIL_ARM\C51\LIB\C51L.LIB (RAND)
  E:\PROGRAM FILES\KEIL_V5\KEIL_ARM\C51\LIB\C51L.LIB (?C?STRCMP)
  E:\PROGRAM FILES\KEIL_V5\KEIL_ARM\C51\LIB\C51L.LIB (?C_INIT)


LINK MAP OF MODULE:  .\Objects\PLAY_Game (MAIN)


            TYPE    BASE      LENGTH    RELOCATION   SEGMENT NAME
            -----------------------------------------------------

            * * * * * * *   D A T A   M E M O R Y   * * * * * * *
            REG     0000H     0008H     ABSOLUTE     "REG BANK 0"
            DATA    0008H     0003H     UNIT         _DATA_GROUP_
                    000BH     0015H                  *** GAP ***
            BIT     0020H.0   0000H.5   UNIT         ?BI?SNAKE
            BIT     0020H.5   0000H.2   UNIT         _BIT_GROUP_
            BIT     0020H.7   0000H.1   UNIT         ?BI?USART
            IDATA   0021H     0001H     UNIT         ?STACK

            * * * * * * *  X D A T A   M E M O R Y  * * * * * * *
            XDATA   0000H     040EH     UNIT         ?XD?OLED
            XDATA   040EH     006FH     UNIT         ?XD?TETRIS
            XDATA   047DH     0067H     UNIT         ?XD?MAIN
            XDATA   04E4H     0042H     UNIT         _XDATA_GROUP_
            XDATA   0526H     003DH     UNIT         ?XD?DMP
            XDATA   0563H     0035H     UNIT         ?XD?OLED_DATA
            XDATA   0598H     0031H     UNIT         ?XD?SNAKE
            XDATA   05C9H     0025H     UNIT         ?XD?_OLED_DRAWTRIANGLE?OLED
            XDATA   05EEH     0019H     UNIT         ?XD?_OLED_DRAWELLIPSE?OLED
            XDATA   0607H     0019H     UNIT         ?XD?WS2812
            XDATA   0620H     0017H     UNIT         ?XD?_OLED_SHOWFLOATNUM?OLED
            XDATA   0637H     0016H     UNIT         ?XD?USART
            XDATA   064DH     0012H     UNIT         ?XD?_OLED_DRAWARC?OLED
            XDATA   065FH     0011H     UNIT         ?XD?_OLED_PNPOLY?OLED
            XDATA   0670H     000FH     UNIT         ?XD?_OLED_SHOWSIGNEDNUM?OLED
            XDATA   067FH     000EH     UNIT         ?XD?_OLED_SHOWCHINESE?OLED
            XDATA   068DH     000CH     UNIT         ?XD?_OLED_SHOWHEXNUM?OLED
            XDATA   0699H     000BH     UNIT         ?XD?_OLED_SHOWBINNUM?OLED
            XDATA   06A4H     000BH     UNIT         ?XD?_OLED_DRAWRECTANGLE?OLED
            XDATA   06AFH     000AH     UNIT         ?XD?_OLED_UPDATEAREA?OLED
            XDATA   06B9H     000AH     UNIT         ?XD?_OLED_REVERSEAREA?OLED
            XDATA   06C3H     0008H     UNIT         ?XD?_OLED_ISINANGLE?OLED
            XDATA   06CBH     0008H     UNIT         ?XD?OLED_DRAWCACTUS?OLED
            XDATA   06D3H     0004H     UNIT         ?XD?_OLED_GETPOINT?OLED
            XDATA   06D7H     0004H     UNIT         ?XD?RAND?RAND
            XDATA   06DBH     0003H     UNIT         ?XD?_SENDSTRING?USART
            XDATA   06DEH     0002H     UNIT         ?XD?WS2812_RANDOM_COLORS?MAIN
            XDATA   06E0H     0001H     UNIT         ?XD?_OLED_CLR_BODY?SNAKE

            * * * * * * *   C O D E   M E M O R Y   * * * * * * *
            CODE    0000H     0003H     ABSOLUTE     
            CODE    0003H     0008H     UNIT         ?PR?_RECUPELINEY_TTRIS?TETRIS
            CODE    000BH     0003H     ABSOLUTE     
            CODE    000EH     0015H     UNIT         ?PR?GET_KEY_VAL?MAIN
            CODE    0023H     0003H     ABSOLUTE     
            CODE    0026H     001DH     UNIT         ?PR?GETFIFOCOUNT?DMP
BL51 BANKED LINKER/LOCATER V6.22.4.0                                                  12/07/2024  22:04:40  PAGE 3


            CODE    0043H     0003H     ABSOLUTE     
            CODE    0046H     2825H     UNIT         ?CO?OLED_DATA
            CODE    286BH     0A92H     UNIT         ?PR?STAR_WAR?MAIN
            CODE    32FDH     09FAH     UNIT         ?C?LIB_CODE
            CODE    3CF7H     0878H     UNIT         ?CO?DMP
            CODE    456FH     0794H     UNIT         ?PR?_OLED_DRAWELLIPSE?OLED
            CODE    4D03H     0618H     UNIT         ?PR?_OLED_DRAWARC?OLED
            CODE    531BH     05CAH     UNIT         ?C_INITSEG
            CODE    58E5H     0448H     UNIT         ?PR?_OLED_DRAWCIRCLE?OLED
            CODE    5D2DH     03FBH     UNIT         ?PR?_RECUPE_SCORES_TTRIS?TETRIS
            CODE    6128H     03BEH     UNIT         ?PR?_OLED_DRAWLINE?OLED
            CODE    64E6H     037FH     UNIT         ?PR?MAIN?MAIN
            CODE    6865H     02D7H     UNIT         ?PR?_OLED_DRAWTRIANGLE?OLED
            CODE    6B3CH     025EH     UNIT         ?PR?_OLED_SHOWIMAGE?OLED
            CODE    6D9AH     0249H     UNIT         ?PR?DMPINITIALIZE?DMP
            CODE    6FE3H     0219H     UNIT         ?PR?DINOGAME?MAIN
            CODE    71FCH     0217H     UNIT         ?PR?_OLED_SHOWFLOATNUM?OLED
            CODE    7413H     020CH     UNIT         ?PR?_OLED_DRAWDINOJUMP?OLED
            CODE    761FH     01CFH     UNIT         ?PR?_OLED_PNPOLY?OLED
            CODE    77EEH     01C4H     UNIT         ?PR?_OLED_DRAWCACTUSRANDOM?OLED
            CODE    79B2H     0191H     UNIT         ?PR?_BLITZSPRITE_TTRIS?TETRIS
            CODE    7B43H     018FH     UNIT         ?PR?_OLED_DRAWRECTANGLE?OLED
            CODE    7CD2H     0181H     UNIT         ?PR?MODERIGHT?SNAKE
            CODE    7E53H     0181H     UNIT         ?PR?MODEDOWN?SNAKE
            CODE    7FD4H     016FH     UNIT         ?PR?MODELEFT?SNAKE
            CODE    8143H     016FH     UNIT         ?PR?MODEUP?SNAKE
            CODE    82B2H     0146H     UNIT         ?PR?PAGE0?SNAKE
            CODE    83F8H     0143H     UNIT         ?PR?OLED_DRAWCACTUS?OLED
            CODE    853BH     013FH     UNIT         ?PR?OLED_DRAWCLOUD?OLED
            CODE    867AH     0130H     UNIT         ?PR?_OLED_CLEARAREA?OLED
            CODE    87AAH     012FH     UNIT         ?PR?_OLED_REVERSEAREA?OLED
            CODE    88D9H     012CH     UNIT         ?PR?_CONTROLE_TTRIS?TETRIS
            CODE    8A05H     012BH     UNIT         ?PR?_OLED_SHOWCHINESE?OLED
            CODE    8B30H     0122H     UNIT         ?PR?ATAN?ATAN
            CODE    8C52H     0115H     UNIT         ?PR?_RECUPE_TTRIS?TETRIS
            CODE    8D67H     0111H     UNIT         ?PR?_NEXT_BLOCK_TTRIS?TETRIS
            CODE    8E78H     010FH     UNIT         ?PR?_OLED_UPDATEAREA?OLED
            CODE    8F87H     00F9H     UNIT         ?PR?_CLEAN_GRID_TTRIS?TETRIS
            CODE    9080H     00F0H     UNIT         ?PR?TETRISGAME?MAIN
            CODE    9170H     00EBH     UNIT         ?PR?_CHANGE_GRID_STAT_TTRIS?TETRIS
            CODE    925BH     00E7H     UNIT         ?PR?_OLED_SHOWSIGNEDNUM?OLED
            CODE    9342H     00E6H     UNIT         ?PR?_OLED_ISINANGLE?OLED
            CODE    9428H     00E4H     UNIT         ?PR?_ROTATE_MATRIX_TTRIS?TETRIS
            CODE    950CH     00E2H     UNIT         ?PR?MPU6050_REFRESH_DMP?DMP
            CODE    95EEH     00D8H     UNIT         ?PR?PONOVO?MAIN
            CODE    96C6H     00D8H     UNIT         ?PR?DELETE_LINE_TTRIS?TETRIS
            CODE    979EH     00CFH     UNIT         ?PR?MOVE_PIECE_TTRIS?TETRIS
            CODE    986DH     00C7H     UNIT         ?PR?WS2812_ALLOT?MAIN
            CODE    9934H     00C5H     UNIT         ?PR?_DROPPIECE_TTRIS?TETRIS
            CODE    99F9H     00C4H     UNIT         ?PR?_OLED_DRAWPOINT?OLED
            CODE    9ABDH     00C3H     UNIT         ?PR?_OLED_SHOWHEXNUM?OLED
            CODE    9B80H     00C1H     UNIT         ?PR?LOADFIRMWARE?DMP
            CODE    9C41H     00B5H     UNIT         ?PR?_RECUPE_NB_OF_LINE_TTRIS?TETRIS
            CODE    9CF6H     00B2H     UNIT         ?PR?_MAP?TETRIS
            CODE    9DA8H     00ACH     UNIT         ?PR?SQRT?SQRT
            CODE    9E54H     00A8H     UNIT         ?PR?_OLED_GETPOINT?OLED
            CODE    9EFCH     00A8H     UNIT         ?PR?END_DROP_TTRIS?TETRIS
BL51 BANKED LINKER/LOCATER V6.22.4.0                                                  12/07/2024  22:04:40  PAGE 4


            CODE    9FA4H     00A0H     UNIT         ?PR?_OLED_SHOWCHAR?OLED
            CODE    A044H     00A0H     UNIT         ?PR?_OU_SUIS_JE_TTRIS?TETRIS
            CODE    A0E4H     00A0H     UNIT         ?PR?INIT_ALL_VAR_TTRIS?TETRIS
            CODE    A184H     009EH     UNIT         ?PR?_OLED_SHOWBINNUM?OLED
            CODE    A222H     009EH     UNIT         ?PR?USART_ISR?USART
            CODE    A2C0H     009DH     UNIT         ?PR?_ATAN2?ATAN2
            CODE    A35DH     009AH     UNIT         ?PR?LOADCFGUPD?DMP
            CODE    A3F7H     0097H     UNIT         ?PR?_GRID_STAT_TTRIS?TETRIS
            CODE    A48EH     0094H     UNIT         ?PR?_I2C_WRITE_BITS?SOFT_I2C
            CODE    A522H     0091H     UNIT         ?PR?UART2?MAIN
            CODE    A5B3H     008FH     UNIT         ?PR?_OLED_SHOWNUM?OLED
            CODE    A642H     008CH     UNIT         ?PR?_RECUPE_LEVEL_TTRIS?TETRIS
            CODE    A6CEH     008CH     UNIT         ?C_C51STARTUP
            CODE    A75AH     0089H     UNIT         ?PR?FOOD_INIT?SNAKE
            CODE    A7E3H     0082H     UNIT         ?PR?_CHECK_COLLISION_X_TTRIS?TETRIS
            CODE    A865H     0082H     UNIT         ?PR?_CHECK_COLLISION_Y_TTRIS?TETRIS
            CODE    A8E7H     007FH     UNIT         ?PR?_I2C_WRITE_BIT?SOFT_I2C
            CODE    A966H     007EH     UNIT         ?PR?_I2C_MEM_READ?SOFT_I2C
            CODE    A9E4H     007CH     UNIT         ?PR?OLED_INIT?OLED
            CODE    AA60H     007CH     UNIT         ?PR?_CHECK_IF_ROT_OK_TTRIS?TETRIS
            CODE    AADCH     007BH     UNIT         ?PR?OLED_DRAWDINO?OLED
            CODE    AB57H     007BH     UNIT         ?PR?_I2C_READ_BITS?SOFT_I2C
            CODE    ABD2H     0073H     UNIT         ?PR?TIMER0_ISR?MAIN
            CODE    AC45H     0070H     UNIT         ?PR?_INTRO_TTRIS?TETRIS
            CODE    ACB5H     006EH     UNIT         ?PR?_OLED_POW?OLED
            CODE    AD23H     006CH     UNIT         ?PR?WS2812_WRITE_DATE?WS2812
            CODE    AD8FH     006CH     UNIT         ?PR?GAME_PLAY_TTRIS?TETRIS
            CODE    ADFBH     006AH     UNIT         ?PR?_OLED_SHOWSTRING?OLED
            CODE    AE65H     0069H     UNIT         ?PR?_OLED_DRAWBMP_BLOCK_CLEAR?OLED
            CODE    AECEH     0069H     UNIT         ?PR?_XDMPUPDATES?DMP
            CODE    AF37H     0068H     UNIT         ?PR?_RECUPE_START_TTRIS?TETRIS
            CODE    AF9FH     0063H     UNIT         ?PR?_FLIP_INTRO_TTRIS?TETRIS
            CODE    B002H     0062H     UNIT         ?PR?_PAINT_LINE_TTRIS?TETRIS
            CODE    B064H     005EH     UNIT         ?PR?CHOICE?SNAKE
            CODE    B0C2H     005BH     UNIT         ?PR?OLED_DRAWGROUND?OLED
            CODE    B11DH     0056H     UNIT         ?PR?_TINY_FLIP_TTRIS?TETRIS
            CODE    B173H     0052H     UNIT         ?PR?CONVERT_NB_OF_LINE_TTRIS?TETRIS
            CODE    B1C5H     0051H     UNIT         ?PR?SNAKE_INIT?SNAKE
            CODE    B216H     004DH     UNIT         ?PR?UPDATE_BRIGHTNESS?MAIN
            CODE    B263H     004DH     UNIT         ?PR?_I2C_MEM_WRITE?SOFT_I2C
            CODE    B2B0H     004DH     UNIT         ?PR?INTRO_MANIFEST_TTRIS?TETRIS
            CODE    B2FDH     004DH     UNIT         ?PR?SNAKE_OVER?SNAKE
            CODE    B34AH     004DH     UNIT         ?PR?RAND?RAND
            CODE    B397H     004CH     UNIT         ?PR?_OLED_I2C_SENDBYTE?OLED
            CODE    B3E3H     004AH     UNIT         ?PR?OLED_DRAWRESTART?OLED
            CODE    B42DH     0049H     UNIT         ?PR?_FLASH_LINE_TTRIS?TETRIS
            CODE    B476H     0048H     UNIT         ?PR?WS2812_RANDOM_COLORS?MAIN
            CODE    B4BEH     0046H     UNIT         ?PR?_JOY_DLY_MS?TETRIS
            CODE    B504H     0045H     UNIT         ?PR?_OLED_SNAKEBODY?SNAKE
            CODE    B549H     0044H     UNIT         ?C?LDIV
            CODE    B58DH     0043H     UNIT         ?CO?SNAKE
            CODE    B5D0H     0042H     UNIT         ?PR?_OLED_WRITEDATA?OLED
            CODE    B612H     0042H     UNIT         ?PR?SNAKEGAME?SNAKE
            CODE    B654H     0040H     UNIT         ?PR?_OLED_CLR_BODY?SNAKE
            CODE    B694H     003EH     UNIT         ?PR?RAND_51?MAIN
            CODE    B6D2H     003CH     UNIT         ?PR?_SETUP_NEW_PREVIEW_PIECE_TTRIS?TETRIS
            CODE    B70EH     003BH     UNIT         ?PR?ASIN?ASIN
BL51 BANKED LINKER/LOCATER V6.22.4.0                                                  12/07/2024  22:04:40  PAGE 5


            CODE    B749H     003AH     UNIT         ?PR?_I2C_READ_BIT?SOFT_I2C
            CODE    B783H     0034H     UNIT         ?PR?INITMPU6050?DMP
            CODE    B7B7H     0033H     UNIT         ?PR?_SENDSTRING?USART
            CODE    B7EAH     0032H     UNIT         ?PR?I2C_WAIT_ACK?SOFT_I2C
            CODE    B81CH     0031H     UNIT         ?PR?OLED_UPDATE?OLED
            CODE    B84DH     002FH     UNIT         ?PR?_I2C_READ_BYTE?SOFT_I2C
            CODE    B87CH     002FH     UNIT         ?PR?_RECUPE_CHATEAU_TTRIS?TETRIS
            CODE    B8ABH     002EH     UNIT         ?PR?LEFTKEY?SNAKE
            CODE    B8D9H     002EH     UNIT         ?PR?RIGHTKEY?SNAKE
            CODE    B907H     002EH     UNIT         ?PR?UPKEY?SNAKE
            CODE    B935H     002EH     UNIT         ?PR?DOWNKEY?SNAKE
            CODE    B963H     002DH     UNIT         ?PR?_MPU_READ_BIT?MPU6050
            CODE    B990H     002DH     UNIT         ?PR?_SELECT_PIECE_TTRIS?TETRIS
            CODE    B9BDH     002CH     UNIT         ?CO?MAIN
            CODE    B9E9H     002CH     UNIT         ?PR?_DELAY_MS?OLED
            CODE    BA15H     002BH     UNIT         ?PR?OLED_REVERSE?OLED
            CODE    BA40H     002AH     UNIT         ?PR?OLED_CLEAR?OLED
            CODE    BA6AH     002AH     UNIT         ?PR?END_PLAY_TTRIS?TETRIS
            CODE    BA94H     002AH     UNIT         ?PR?_OLED_SNAKEBODY_FOOD?SNAKE
            CODE    BABEH     0029H     UNIT         ?PR?WS2812_SER?WS2812
            CODE    BAE7H     0029H     UNIT         ?PR?_MPU_READ_BITS?MPU6050
            CODE    BB10H     0028H     UNIT         ?PR?GETDEVICEID?DMP
            CODE    BB38H     0028H     UNIT         ?PR?_I2C_WRITE_BYTE?SOFT_I2C
            CODE    BB60H     0026H     UNIT         ?PR?_SND_TTRIS?TETRIS
            CODE    BB86H     0025H     UNIT         ?PR?_RECUPE_BACKGROUND_TTRIS?TETRIS
            CODE    BBABH     0025H     UNIT         ?PR?_CHECKSUM?TETRIS
            CODE    BBD0H     0024H     UNIT         ?PR?_OLED_WRITECOMMAND?OLED
            CODE    BBF4H     0021H     UNIT         ?PR?MPU6050_DMP_INIT?DMP
            CODE    BC15H     0021H     UNIT         ?PR?_SCAN_PIECE_MATRIX_TTRIS?TETRIS
            CODE    BC36H     0021H     UNIT         ?PR?_SPLITSPRITEDECALAGEY_TTRIS?TETRIS
            CODE    BC57H     0020H     UNIT         ?PR?_SENDFLOAT?USART
            CODE    BC77H     0020H     UNIT         ?PR?_MPU_DELAY_MS?MPU6050
            CODE    BC97H     001EH     UNIT         ?PR?_CALCUL_OF_SCORE_TTRIS?TETRIS
            CODE    BCB5H     001DH     UNIT         ?PR?I2C_START?SOFT_I2C
            CODE    BCD2H     001CH     UNIT         ?PR?_MPU_WRITE_BITS?MPU6050
            CODE    BCEEH     001CH     UNIT         ?PR?RESET_SCORE_TTRIS?TETRIS
            CODE    BD0AH     001AH     UNIT         ?PR?OLED_GPIO_INIT?OLED
            CODE    BD24H     001AH     UNIT         ?PR?_MPU_WRITE_BYTE?MPU6050
            CODE    BD3EH     001AH     UNIT         ?PR?GAME_RESTART?SNAKE
            CODE    BD58H     0019H     UNIT         ?PR?UART1INIT?USART
            CODE    BD71H     0017H     UNIT         ?PR?PSEUDO_RND_TTRIS?TETRIS
            CODE    BD88H     0015H     UNIT         ?PR?TIMER0_INIT?MAIN
            CODE    BD9DH     0015H     UNIT         ?PR?UART2INIT?BLUETOOTH
            CODE    BDB2H     0014H     UNIT         ?PR?_MPU_WRITE_BIT?MPU6050
            CODE    BDC6H     0013H     UNIT         ?PR?_MPU_WRITE_LEN?MPU6050
            CODE    BDD9H     0013H     UNIT         ?PR?_MPU_READ_LEN?MPU6050
            CODE    BDECH     0013H     UNIT         ?CO?TETRIS
            CODE    BDFFH     0012H     UNIT         ?PR?RESET_VALUE_TTRIS?TETRIS
            CODE    BE11H     0011H     UNIT         ?PR?_RECUPEDECALAGEY_TTRIS?TETRIS
            CODE    BE22H     0010H     UNIT         ?PR?_READDMP?DMP
            CODE    BE32H     000FH     UNIT         ?PR?MILLIS?MAIN
            CODE    BE41H     000FH     UNIT         ?PR?OLED_I2C_START?OLED
            CODE    BE50H     000FH     UNIT         ?PR?_OLED_SETCURSOR?OLED
            CODE    BE5FH     000FH     UNIT         ?PR?_OLED_SET_POS?OLED
            CODE    BE6EH     000FH     UNIT         ?PR?I2C_STOP?SOFT_I2C
            CODE    BE7DH     000FH     UNIT         ?PR?I2C_ACK?SOFT_I2C
            CODE    BE8CH     000EH     UNIT         ?CO?OLED
BL51 BANKED LINKER/LOCATER V6.22.4.0                                                  12/07/2024  22:04:40  PAGE 6


            CODE    BE9AH     000DH     UNIT         ?PR?_H_GRID_SCAN_TTRIS?TETRIS
            CODE    BEA7H     000CH     UNIT         ?PR?OLED_I2C_STOP?OLED
            CODE    BEB3H     000CH     UNIT         ?PR?I2C_NACK?SOFT_I2C
            CODE    BEBFH     000CH     UNIT         ?PR?KEYPROS?SNAKE
            CODE    BECBH     000CH     UNIT         ?PR?SNAKE_MODEPROS?SNAKE
            CODE    BED7H     0009H     UNIT         ?PR?_OLED_W_SCL?OLED
            CODE    BEE0H     0009H     UNIT         ?PR?_OLED_W_SDA?OLED
            CODE    BEE9H     0009H     UNIT         ?PR?_SENDDATA?USART
            CODE    BEF2H     0009H     UNIT         ?PR?JOY_ACT_PRESSED?TETRIS
            CODE    BEFBH     0009H     UNIT         ?PR?JOY_RIGHT_PRESSED?TETRIS
            CODE    BF04H     0009H     UNIT         ?PR?JOY_LEFT_PRESSED?TETRIS
            CODE    BF0DH     0009H     UNIT         ?PR?JOY_ACT_RELEASED?TETRIS
            CODE    BF16H     0009H     UNIT         ?PR?JOY_DOWN_PRESSED?TETRIS
            CODE    BF1FH     0007H     UNIT         ?PR?I2C_DELAY?SOFT_I2C
            CODE    BF26H     0007H     UNIT         ?PR?_DELAY_SNAKE?SNAKE
            CODE    BF2DH     0006H     UNIT         ?PR?DELAY_US?OLED
            CODE    BF33H     0006H     UNIT         ?PR?I2C_SDA_READ?SOFT_I2C
            CODE    BF39H     0003H     UNIT         ?PR?I2C_SCL_H?SOFT_I2C
            CODE    BF3CH     0003H     UNIT         ?PR?I2C_SCL_L?SOFT_I2C
            CODE    BF3FH     0003H     UNIT         ?PR?I2C_SDA_H?SOFT_I2C
            CODE    BF42H     0003H     UNIT         ?PR?I2C_SDA_L?SOFT_I2C
            CODE    BF45H     0003H     UNIT         ?PR?RECUPE_HIGHSCORE_TTRIS?TETRIS
            CODE    BF48H     0001H     UNIT         ?PR?STRING_ANALYSIS?USART
            CODE    BF49H     0001H     UNIT         ?PR?I2C_TIMEOUT_DELAY?SOFT_I2C
            CODE    BF4AH     0001H     UNIT         ?PR?SAVE_HIGHSCORE_TTRIS?TETRIS
            CODE    BF4BH     0001H     UNIT         ?PR?CHECK_NEW_RECORD?TETRIS



OVERLAY MAP OF MODULE:   .\Objects\PLAY_Game (MAIN)


SEGMENT                                             BIT_GROUP          DATA_GROUP          XDATA_GROUP
  +--> CALLED SEGMENT                            START    LENGTH     START    LENGTH     START    LENGTH
--------------------------------------------------------------------------------------------------------
?PR?TIMER0_ISR?MAIN                              -----    -----      -----    -----      -----    -----
  +--> ?PR?UPDATE_BRIGHTNESS?MAIN

*** NEW ROOT ***************************************************

?PR?USART_ISR?USART                              -----    -----      -----    -----      -----    -----
  +--> ?PR?STRING_ANALYSIS?USART

*** NEW ROOT ***************************************************

?C_C51STARTUP                                    -----    -----      -----    -----      -----    -----
  +--> ?PR?MAIN?MAIN
  +--> ?C_INITSEG

?PR?MAIN?MAIN                                    -----    -----      -----    -----      -----    -----
  +--> ?PR?TIMER0_INIT?MAIN
  +--> ?PR?UART2INIT?BLUETOOTH
  +--> ?PR?UART1INIT?USART
  +--> ?PR?MPU6050_DMP_INIT?DMP
  +--> ?PR?OLED_INIT?OLED
  +--> ?CO?OLED_DATA
  +--> ?PR?_OLED_SHOWIMAGE?OLED
BL51 BANKED LINKER/LOCATER V6.22.4.0                                                  12/07/2024  22:04:40  PAGE 7


  +--> ?PR?OLED_UPDATE?OLED
  +--> ?PR?WS2812_ALLOT?MAIN
  +--> ?PR?WS2812_SER?WS2812
  +--> ?PR?MPU6050_REFRESH_DMP?DMP
  +--> ?PR?ASIN?ASIN
  +--> ?PR?_ATAN2?ATAN2
  +--> ?PR?_SENDFLOAT?USART
  +--> ?PR?_SENDDATA?USART
  +--> ?PR?STAR_WAR?MAIN
  +--> ?PR?DINOGAME?MAIN
  +--> ?PR?TETRISGAME?MAIN
  +--> ?PR?SNAKEGAME?SNAKE

?PR?MPU6050_DMP_INIT?DMP                         -----    -----      -----    -----      -----    -----
  +--> ?PR?INITMPU6050?DMP
  +--> ?PR?GETDEVICEID?DMP
  +--> ?PR?DMPINITIALIZE?DMP
  +--> ?PR?_MPU_WRITE_BIT?MPU6050

?PR?INITMPU6050?DMP                              -----    -----      -----    -----      -----    -----
  +--> ?PR?_MPU_WRITE_BITS?MPU6050
  +--> ?PR?_MPU_WRITE_BIT?MPU6050

?PR?_MPU_WRITE_BITS?MPU6050                      -----    -----      -----    -----      04ECH    0004H
  +--> ?PR?_I2C_WRITE_BITS?SOFT_I2C

?PR?_I2C_WRITE_BITS?SOFT_I2C                     -----    -----      -----    -----      04F0H    0007H
  +--> ?PR?_I2C_MEM_READ?SOFT_I2C
  +--> ?PR?_I2C_MEM_WRITE?SOFT_I2C

?PR?_I2C_MEM_READ?SOFT_I2C                       -----    -----      -----    -----      04FBH    0007H
  +--> ?PR?I2C_START?SOFT_I2C
  +--> ?PR?I2C_WAIT_ACK?SOFT_I2C
  +--> ?PR?_I2C_READ_BYTE?SOFT_I2C
  +--> ?PR?I2C_STOP?SOFT_I2C

?PR?I2C_START?SOFT_I2C                           -----    -----      -----    -----      -----    -----
  +--> ?PR?I2C_SDA_H?SOFT_I2C
  +--> ?PR?I2C_SCL_H?SOFT_I2C
  +--> ?PR?I2C_DELAY?SOFT_I2C
  +--> ?PR?I2C_SDA_L?SOFT_I2C
  +--> ?PR?I2C_SCL_L?SOFT_I2C

?PR?I2C_DELAY?SOFT_I2C                           -----    -----      -----    -----      -----    -----
  +--> ?PR?I2C_SCL_H?SOFT_I2C

?PR?I2C_WAIT_ACK?SOFT_I2C                        -----    -----      -----    -----      -----    -----
  +--> ?PR?_I2C_WRITE_BYTE?SOFT_I2C
  +--> ?PR?I2C_SCL_H?SOFT_I2C
  +--> ?PR?I2C_DELAY?SOFT_I2C
  +--> ?PR?I2C_SDA_READ?SOFT_I2C
  +--> ?PR?I2C_TIMEOUT_DELAY?SOFT_I2C
  +--> ?PR?I2C_STOP?SOFT_I2C
  +--> ?PR?I2C_SCL_L?SOFT_I2C

?PR?_I2C_WRITE_BYTE?SOFT_I2C                     -----    -----      -----    -----      -----    -----
  +--> ?PR?I2C_SCL_L?SOFT_I2C
BL51 BANKED LINKER/LOCATER V6.22.4.0                                                  12/07/2024  22:04:40  PAGE 8


  +--> ?PR?I2C_SDA_H?SOFT_I2C
  +--> ?PR?I2C_SDA_L?SOFT_I2C
  +--> ?PR?I2C_DELAY?SOFT_I2C

?PR?I2C_STOP?SOFT_I2C                            -----    -----      -----    -----      -----    -----
  +--> ?PR?I2C_SDA_L?SOFT_I2C
  +--> ?PR?I2C_SCL_H?SOFT_I2C
  +--> ?PR?I2C_DELAY?SOFT_I2C
  +--> ?PR?I2C_SDA_H?SOFT_I2C

?PR?_I2C_READ_BYTE?SOFT_I2C                      -----    -----      -----    -----      -----    -----
  +--> ?PR?I2C_SCL_L?SOFT_I2C
  +--> ?PR?I2C_DELAY?SOFT_I2C
  +--> ?PR?I2C_SCL_H?SOFT_I2C
  +--> ?PR?I2C_SDA_READ?SOFT_I2C
  +--> ?PR?I2C_NACK?SOFT_I2C
  +--> ?PR?I2C_ACK?SOFT_I2C

?PR?I2C_NACK?SOFT_I2C                            -----    -----      -----    -----      -----    -----
  +--> ?PR?I2C_SCL_L?SOFT_I2C
  +--> ?PR?I2C_SDA_H?SOFT_I2C
  +--> ?PR?I2C_DELAY?SOFT_I2C

?PR?I2C_ACK?SOFT_I2C                             -----    -----      -----    -----      -----    -----
  +--> ?PR?I2C_SCL_L?SOFT_I2C
  +--> ?PR?I2C_SDA_L?SOFT_I2C
  +--> ?PR?I2C_DELAY?SOFT_I2C
  +--> ?PR?I2C_SDA_H?SOFT_I2C

?PR?_I2C_MEM_WRITE?SOFT_I2C                      -----    -----      -----    -----      04F7H    0007H
  +--> ?PR?I2C_START?SOFT_I2C
  +--> ?PR?I2C_WAIT_ACK?SOFT_I2C
  +--> ?PR?I2C_STOP?SOFT_I2C

?PR?_MPU_WRITE_BIT?MPU6050                       -----    -----      -----    -----      -----    -----
  +--> ?PR?_I2C_WRITE_BIT?SOFT_I2C

?PR?_I2C_WRITE_BIT?SOFT_I2C                      -----    -----      -----    -----      04ECH    0005H
  +--> ?PR?_I2C_MEM_READ?SOFT_I2C
  +--> ?PR?_I2C_MEM_WRITE?SOFT_I2C

?PR?GETDEVICEID?DMP                              -----    -----      -----    -----      04E4H    0001H
  +--> ?PR?_MPU_READ_BITS?MPU6050

?PR?_MPU_READ_BITS?MPU6050                       -----    -----      -----    -----      04ECH    0006H
  +--> ?PR?_I2C_READ_BITS?SOFT_I2C

?PR?_I2C_READ_BITS?SOFT_I2C                      -----    -----      -----    -----      04F2H    0009H
  +--> ?PR?_I2C_MEM_READ?SOFT_I2C

?PR?DMPINITIALIZE?DMP                            -----    -----      -----    -----      04E4H    0008H
  +--> ?PR?_MPU_WRITE_BIT?MPU6050
  +--> ?PR?_MPU_DELAY_MS?MPU6050
  +--> ?PR?_MPU_WRITE_BYTE?MPU6050
  +--> ?PR?_MPU_READ_LEN?MPU6050
  +--> ?PR?_MPU_READ_BIT?MPU6050
  +--> ?PR?_MPU_READ_BITS?MPU6050
BL51 BANKED LINKER/LOCATER V6.22.4.0                                                  12/07/2024  22:04:40  PAGE 9


  +--> ?PR?LOADFIRMWARE?DMP
  +--> ?PR?LOADCFGUPD?DMP
  +--> ?PR?_MPU_WRITE_BITS?MPU6050
  +--> ?PR?_XDMPUPDATES?DMP
  +--> ?PR?GETFIFOCOUNT?DMP

?PR?_MPU_DELAY_MS?MPU6050                        -----    -----      -----    -----      04ECH    0002H
  +--> ?PR?_DELAY_MS?OLED

?PR?_DELAY_MS?OLED                               -----    -----      -----    -----      04F2H    0002H

?PR?_MPU_WRITE_BYTE?MPU6050                      -----    -----      -----    -----      04F2H    0001H
  +--> ?PR?_I2C_MEM_WRITE?SOFT_I2C

?PR?_MPU_READ_LEN?MPU6050                        -----    -----      -----    -----      -----    -----
  +--> ?PR?_I2C_MEM_READ?SOFT_I2C

?PR?_MPU_READ_BIT?MPU6050                        -----    -----      -----    -----      04ECH    0003H
  +--> ?PR?_I2C_READ_BIT?SOFT_I2C

?PR?_I2C_READ_BIT?SOFT_I2C                       -----    -----      -----    -----      04EFH    0007H
  +--> ?PR?_I2C_MEM_READ?SOFT_I2C

?PR?LOADFIRMWARE?DMP                             -----    -----      -----    -----      04ECH    0006H
  +--> ?PR?_MPU_WRITE_BYTE?MPU6050
  +--> ?CO?DMP
  +--> ?PR?_MPU_WRITE_LEN?MPU6050

?PR?_MPU_WRITE_LEN?MPU6050                       -----    -----      -----    -----      -----    -----
  +--> ?PR?_I2C_MEM_WRITE?SOFT_I2C

?PR?LOADCFGUPD?DMP                               -----    -----      -----    -----      04ECH    0005H
  +--> ?CO?DMP
  +--> ?PR?_MPU_WRITE_BYTE?MPU6050
  +--> ?PR?_MPU_WRITE_LEN?MPU6050

?PR?_XDMPUPDATES?DMP                             -----    -----      -----    -----      04ECH    0004H
  +--> ?CO?DMP
  +--> ?PR?_MPU_WRITE_BYTE?MPU6050
  +--> ?PR?_MPU_WRITE_LEN?MPU6050

?PR?GETFIFOCOUNT?DMP                             -----    -----      -----    -----      04ECH    0002H
  +--> ?PR?_MPU_READ_LEN?MPU6050

?PR?OLED_INIT?OLED                               -----    -----      -----    -----      -----    -----
  +--> ?PR?OLED_GPIO_INIT?OLED
  +--> ?PR?_OLED_WRITECOMMAND?OLED
  +--> ?PR?OLED_CLEAR?OLED
  +--> ?PR?OLED_UPDATE?OLED

?PR?OLED_GPIO_INIT?OLED                          -----    -----      0008H    0003H      -----    -----
  +--> ?PR?_OLED_W_SCL?OLED
  +--> ?PR?_OLED_W_SDA?OLED

?PR?_OLED_WRITECOMMAND?OLED                      -----    -----      -----    -----      -----    -----
  +--> ?PR?OLED_I2C_START?OLED
  +--> ?PR?_OLED_I2C_SENDBYTE?OLED
BL51 BANKED LINKER/LOCATER V6.22.4.0                                                  12/07/2024  22:04:40  PAGE 10


  +--> ?PR?OLED_I2C_STOP?OLED

?PR?OLED_I2C_START?OLED                          -----    -----      -----    -----      -----    -----
  +--> ?PR?_OLED_W_SDA?OLED
  +--> ?PR?_OLED_W_SCL?OLED

?PR?_OLED_I2C_SENDBYTE?OLED                      -----    -----      -----    -----      -----    -----
  +--> ?PR?_OLED_SET_POS?OLED
  +--> ?PR?OLED_I2C_START?OLED
  +--> ?PR?_OLED_W_SDA?OLED
  +--> ?PR?_OLED_W_SCL?OLED

?PR?OLED_I2C_STOP?OLED                           -----    -----      -----    -----      -----    -----
  +--> ?PR?_OLED_W_SDA?OLED
  +--> ?PR?_OLED_W_SCL?OLED

?PR?OLED_UPDATE?OLED                             -----    -----      -----    -----      04F2H    0001H
  +--> ?PR?_OLED_SETCURSOR?OLED
  +--> ?PR?_OLED_WRITEDATA?OLED

?PR?_OLED_SETCURSOR?OLED                         -----    -----      -----    -----      -----    -----
  +--> ?PR?_OLED_WRITECOMMAND?OLED

?PR?_OLED_WRITEDATA?OLED                         -----    -----      -----    -----      04F3H    0005H
  +--> ?PR?_OLED_I2C_SENDBYTE?OLED
  +--> ?PR?OLED_I2C_STOP?OLED

?PR?_OLED_SHOWIMAGE?OLED                         -----    -----      -----    -----      04F5H    000FH
  +--> ?PR?_OLED_CLEARAREA?OLED

?PR?_OLED_CLEARAREA?OLED                         -----    -----      -----    -----      0504H    000AH

?PR?WS2812_SER?WS2812                            -----    -----      -----    -----      -----    -----
  +--> ?PR?WS2812_WRITE_DATE?WS2812

?PR?MPU6050_REFRESH_DMP?DMP                      -----    -----      -----    -----      -----    -----
  +--> ?PR?GETFIFOCOUNT?DMP
  +--> ?PR?_MPU_READ_LEN?MPU6050
  +--> ?PR?_MPU_WRITE_BIT?MPU6050
  +--> ?PR?_READDMP?DMP

?PR?_READDMP?DMP                                 -----    -----      -----    -----      -----    -----
  +--> ?PR?_MPU_READ_LEN?MPU6050

?PR?ASIN?ASIN                                    -----    -----      -----    -----      -----    -----
  +--> ?PR?SQRT?SQRT
  +--> ?PR?ATAN?ATAN

?PR?SQRT?SQRT                                    -----    -----      -----    -----      04E4H    0004H

?PR?ATAN?ATAN                                    0020H.5  0000H.2    -----    -----      04ECH    0004H

?PR?_ATAN2?ATAN2                                 -----    -----      -----    -----      04E4H    0008H
  +--> ?PR?ATAN?ATAN

?PR?_SENDFLOAT?USART                             -----    -----      -----    -----      -----    -----
  +--> ?PR?_SENDDATA?USART
BL51 BANKED LINKER/LOCATER V6.22.4.0                                                  12/07/2024  22:04:40  PAGE 11



?PR?STAR_WAR?MAIN                                -----    -----      -----    -----      -----    -----
  +--> ?PR?OLED_CLEAR?OLED
  +--> ?CO?OLED_DATA
  +--> ?PR?_OLED_SHOWIMAGE?OLED
  +--> ?PR?OLED_UPDATE?OLED
  +--> ?PR?MILLIS?MAIN
  +--> ?PR?_OLED_DRAWPOINT?OLED
  +--> ?PR?RAND?RAND
  +--> ?PR?_OLED_DRAWCIRCLE?OLED
  +--> ?PR?_OLED_DRAWLINE?OLED
  +--> ?CO?MAIN
  +--> ?PR?_OLED_SHOWSTRING?OLED
  +--> ?PR?_OLED_SHOWNUM?OLED
  +--> ?PR?PONOVO?MAIN

?PR?_OLED_DRAWPOINT?OLED                         -----    -----      -----    -----      0501H    0004H

?PR?_OLED_DRAWCIRCLE?OLED                        -----    -----      -----    -----      04E4H    000EH
  +--> ?PR?_OLED_DRAWPOINT?OLED

?PR?_OLED_DRAWLINE?OLED                          -----    -----      -----    -----      04E4H    001DH
  +--> ?PR?_OLED_DRAWPOINT?OLED

?PR?_OLED_SHOWSTRING?OLED                        -----    -----      -----    -----      04E4H    0009H
  +--> ?PR?_OLED_SHOWCHAR?OLED

?PR?_OLED_SHOWCHAR?OLED                          -----    -----      -----    -----      04EFH    0006H
  +--> ?CO?OLED_DATA
  +--> ?PR?_OLED_SHOWIMAGE?OLED

?PR?_OLED_SHOWNUM?OLED                           -----    -----      -----    -----      04E4H    000BH
  +--> ?PR?_OLED_POW?OLED
  +--> ?PR?_OLED_SHOWCHAR?OLED

?PR?_OLED_POW?OLED                               -----    -----      -----    -----      04EFH    000CH

?PR?DINOGAME?MAIN                                -----    -----      -----    -----      04E4H    000EH
  +--> ?CO?OLED_DATA
  +--> ?PR?_OLED_SHOWIMAGE?OLED
  +--> ?PR?OLED_UPDATE?OLED
  +--> ?PR?_DELAY_MS?OLED
  +--> ?PR?OLED_CLEAR?OLED
  +--> ?PR?OLED_DRAWRESTART?OLED
  +--> ?PR?GET_KEY_VAL?MAIN
  +--> ?PR?_OLED_DRAWDINOJUMP?OLED
  +--> ?PR?_OLED_DRAWCACTUSRANDOM?OLED
  +--> ?PR?OLED_DRAWGROUND?OLED
  +--> ?PR?OLED_DRAWCLOUD?OLED
  +--> ?PR?OLED_DRAWDINO?OLED
  +--> ?PR?RAND?RAND

?PR?OLED_DRAWRESTART?OLED                        -----    -----      -----    -----      04F2H    0003H
  +--> ?PR?_OLED_I2C_SENDBYTE?OLED
  +--> ?CO?OLED_DATA
  +--> ?PR?OLED_I2C_STOP?OLED

BL51 BANKED LINKER/LOCATER V6.22.4.0                                                  12/07/2024  22:04:40  PAGE 12


?PR?_OLED_DRAWDINOJUMP?OLED                      -----    -----      -----    -----      04F2H    000FH
  +--> ?CO?OLED
  +--> ?PR?_OLED_I2C_SENDBYTE?OLED
  +--> ?CO?OLED_DATA
  +--> ?PR?OLED_I2C_STOP?OLED
  +--> ?PR?_OLED_DRAWBMP_BLOCK_CLEAR?OLED

?PR?_OLED_DRAWBMP_BLOCK_CLEAR?OLED               -----    -----      -----    -----      0501H    0006H
  +--> ?PR?_OLED_I2C_SENDBYTE?OLED
  +--> ?PR?OLED_I2C_STOP?OLED

?PR?_OLED_DRAWCACTUSRANDOM?OLED                  -----    -----      -----    -----      04F2H    000CH
  +--> ?PR?_OLED_DRAWBMP_BLOCK_CLEAR?OLED
  +--> ?PR?_OLED_SET_POS?OLED
  +--> ?PR?_OLED_I2C_SENDBYTE?OLED
  +--> ?CO?OLED_DATA
  +--> ?PR?OLED_I2C_STOP?OLED

?PR?OLED_DRAWGROUND?OLED                         -----    -----      -----    -----      04F2H    0003H
  +--> ?PR?_OLED_I2C_SENDBYTE?OLED
  +--> ?CO?OLED_DATA
  +--> ?PR?OLED_I2C_STOP?OLED

?PR?OLED_DRAWCLOUD?OLED                          -----    -----      -----    -----      04F2H    000AH
  +--> ?PR?RAND?RAND
  +--> ?PR?_OLED_SET_POS?OLED
  +--> ?PR?_OLED_I2C_SENDBYTE?OLED
  +--> ?CO?OLED_DATA
  +--> ?PR?OLED_I2C_STOP?OLED

?PR?OLED_DRAWDINO?OLED                           -----    -----      -----    -----      04F2H    0003H
  +--> ?PR?_OLED_I2C_SENDBYTE?OLED
  +--> ?CO?OLED_DATA
  +--> ?PR?OLED_I2C_STOP?OLED

?PR?TETRISGAME?MAIN                              -----    -----      -----    -----      04E4H    0002H
  +--> ?PR?RESET_VALUE_TTRIS?TETRIS
  +--> ?PR?INIT_ALL_VAR_TTRIS?TETRIS
  +--> ?PR?GAME_PLAY_TTRIS?TETRIS
  +--> ?PR?_OU_SUIS_JE_TTRIS?TETRIS
  +--> ?PR?INTRO_MANIFEST_TTRIS?TETRIS
  +--> ?PR?_SETUP_NEW_PREVIEW_PIECE_TTRIS?TE...
  +--> ?PR?_TINY_FLIP_TTRIS?TETRIS
  +--> ?PR?_JOY_DLY_MS?TETRIS
  +--> ?PR?_CONTROLE_TTRIS?TETRIS
  +--> ?PR?END_DROP_TTRIS?TETRIS
  +--> ?PR?END_PLAY_TTRIS?TETRIS
  +--> ?PR?_SND_TTRIS?TETRIS
  +--> ?PR?CHECK_NEW_RECORD?TETRIS
  +--> ?PR?JOY_ACT_PRESSED?TETRIS
  +--> ?PR?PSEUDO_RND_TTRIS?TETRIS
  +--> ?PR?MOVE_PIECE_TTRIS?TETRIS

?PR?GAME_PLAY_TTRIS?TETRIS                       -----    -----      -----    -----      -----    -----
  +--> ?PR?_SND_TTRIS?TETRIS
  +--> ?PR?_MAP?TETRIS

BL51 BANKED LINKER/LOCATER V6.22.4.0                                                  12/07/2024  22:04:40  PAGE 13


?PR?_MAP?TETRIS                                  -----    -----      -----    -----      04E6H    0014H

?PR?_OU_SUIS_JE_TTRIS?TETRIS                     -----    -----      -----    -----      04EAH    0002H

?PR?INTRO_MANIFEST_TTRIS?TETRIS                  -----    -----      -----    -----      04E6H    0001H
  +--> ?PR?RECUPE_HIGHSCORE_TTRIS?TETRIS
  +--> ?PR?CONVERT_NB_OF_LINE_TTRIS?TETRIS
  +--> ?PR?PSEUDO_RND_TTRIS?TETRIS
  +--> ?PR?JOY_ACT_PRESSED?TETRIS
  +--> ?PR?RESET_SCORE_TTRIS?TETRIS
  +--> ?PR?_JOY_DLY_MS?TETRIS
  +--> ?PR?_FLIP_INTRO_TTRIS?TETRIS
  +--> ?PR?_SND_TTRIS?TETRIS

?PR?RECUPE_HIGHSCORE_TTRIS?TETRIS                -----    -----      -----    -----      -----    -----
  +--> ?PR?RESET_VALUE_TTRIS?TETRIS

?PR?_JOY_DLY_MS?TETRIS                           -----    -----      -----    -----      04E7H    0004H
  +--> ?PR?_DELAY_MS?OLED

?PR?_FLIP_INTRO_TTRIS?TETRIS                     -----    -----      -----    -----      04E7H    0005H
  +--> ?PR?_OLED_SET_POS?OLED
  +--> ?PR?OLED_I2C_START?OLED
  +--> ?PR?_OLED_I2C_SENDBYTE?OLED
  +--> ?PR?_INTRO_TTRIS?TETRIS
  +--> ?PR?OLED_I2C_STOP?OLED

?PR?_INTRO_TTRIS?TETRIS                          -----    -----      -----    -----      04ECH    0005H
  +--> ?PR?_RECUPE_CHATEAU_TTRIS?TETRIS
  +--> ?PR?_RECUPE_BACKGROUND_TTRIS?TETRIS
  +--> ?PR?_RECUPE_START_TTRIS?TETRIS
  +--> ?PR?_RECUPE_SCORES_TTRIS?TETRIS
  +--> ?PR?_RECUPE_NB_OF_LINE_TTRIS?TETRIS
  +--> ?PR?_RECUPE_LEVEL_TTRIS?TETRIS

?PR?_RECUPE_CHATEAU_TTRIS?TETRIS                 -----    -----      -----    -----      -----    -----
  +--> ?CO?OLED_DATA

?PR?_RECUPE_BACKGROUND_TTRIS?TETRIS              -----    -----      -----    -----      -----    -----
  +--> ?CO?OLED_DATA

?PR?_RECUPE_START_TTRIS?TETRIS                   -----    -----      -----    -----      04F1H    0002H
  +--> ?CO?OLED_DATA
  +--> ?PR?_BLITZSPRITE_TTRIS?TETRIS

?PR?_BLITZSPRITE_TTRIS?TETRIS                    -----    -----      -----    -----      0513H    0013H
  +--> ?PR?_RECUPELINEY_TTRIS?TETRIS
  +--> ?PR?_RECUPEDECALAGEY_TTRIS?TETRIS
  +--> ?PR?_SPLITSPRITEDECALAGEY_TTRIS?TETRIS

?PR?_RECUPE_SCORES_TTRIS?TETRIS                  -----    -----      -----    -----      050CH    0002H
  +--> ?CO?OLED_DATA
  +--> ?PR?_BLITZSPRITE_TTRIS?TETRIS

?PR?_RECUPE_NB_OF_LINE_TTRIS?TETRIS              -----    -----      -----    -----      050CH    0002H
  +--> ?CO?OLED_DATA
  +--> ?PR?_BLITZSPRITE_TTRIS?TETRIS
BL51 BANKED LINKER/LOCATER V6.22.4.0                                                  12/07/2024  22:04:40  PAGE 14



?PR?_RECUPE_LEVEL_TTRIS?TETRIS                   -----    -----      -----    -----      050CH    0002H
  +--> ?CO?OLED_DATA
  +--> ?PR?_BLITZSPRITE_TTRIS?TETRIS

?PR?_SETUP_NEW_PREVIEW_PIECE_TTRIS?TE...         -----    -----      -----    -----      04E6H    0003H
  +--> ?PR?PSEUDO_RND_TTRIS?TETRIS
  +--> ?PR?_SELECT_PIECE_TTRIS?TETRIS
  +--> ?PR?_ROTATE_MATRIX_TTRIS?TETRIS

?PR?_ROTATE_MATRIX_TTRIS?TETRIS                  -----    -----      -----    -----      04EAH    0005H
  +--> ?PR?_SCAN_PIECE_MATRIX_TTRIS?TETRIS

?PR?_SCAN_PIECE_MATRIX_TTRIS?TETRIS              -----    -----      -----    -----      -----    -----
  +--> ?CO?OLED_DATA

?PR?_TINY_FLIP_TTRIS?TETRIS                      -----    -----      -----    -----      0504H    0003H
  +--> ?PR?_OLED_SET_POS?OLED
  +--> ?PR?OLED_I2C_START?OLED
  +--> ?PR?_OLED_I2C_SENDBYTE?OLED
  +--> ?PR?_RECUPE_TTRIS?TETRIS
  +--> ?PR?OLED_I2C_STOP?OLED

?PR?_RECUPE_TTRIS?TETRIS                         -----    -----      -----    -----      0507H    0005H
  +--> ?PR?_H_GRID_SCAN_TTRIS?TETRIS
  +--> ?PR?_NEXT_BLOCK_TTRIS?TETRIS
  +--> ?PR?_RECUPE_BACKGROUND_TTRIS?TETRIS
  +--> ?PR?_RECUPE_NB_OF_LINE_TTRIS?TETRIS
  +--> ?PR?_RECUPE_SCORES_TTRIS?TETRIS
  +--> ?PR?_RECUPE_LEVEL_TTRIS?TETRIS
  +--> ?PR?_GRID_STAT_TTRIS?TETRIS
  +--> ?PR?_BLITZSPRITE_TTRIS?TETRIS
  +--> ?PR?_DROPPIECE_TTRIS?TETRIS

?PR?_NEXT_BLOCK_TTRIS?TETRIS                     -----    -----      -----    -----      050CH    0007H
  +--> ?PR?_SCAN_PIECE_MATRIX_TTRIS?TETRIS
  +--> ?PR?_BLITZSPRITE_TTRIS?TETRIS

?PR?_GRID_STAT_TTRIS?TETRIS                      -----    -----      -----    -----      050CH    0003H
  +--> ?PR?_RECUPEDECALAGEY_TTRIS?TETRIS

?PR?_DROPPIECE_TTRIS?TETRIS                      -----    -----      -----    -----      050CH    0005H
  +--> ?PR?_BLITZSPRITE_TTRIS?TETRIS

?PR?_CONTROLE_TTRIS?TETRIS                       -----    -----      -----    -----      -----    -----
  +--> ?PR?JOY_RIGHT_PRESSED?TETRIS
  +--> ?PR?_SND_TTRIS?TETRIS
  +--> ?PR?JOY_LEFT_PRESSED?TETRIS
  +--> ?PR?PSEUDO_RND_TTRIS?TETRIS
  +--> ?PR?JOY_ACT_RELEASED?TETRIS
  +--> ?PR?_CHECK_IF_ROT_OK_TTRIS?TETRIS
  +--> ?PR?JOY_DOWN_PRESSED?TETRIS

?PR?_CHECK_IF_ROT_OK_TTRIS?TETRIS                -----    -----      -----    -----      04E6H    0004H
  +--> ?PR?_OU_SUIS_JE_TTRIS?TETRIS
  +--> ?PR?_ROTATE_MATRIX_TTRIS?TETRIS
  +--> ?PR?_CHECK_COLLISION_X_TTRIS?TETRIS
BL51 BANKED LINKER/LOCATER V6.22.4.0                                                  12/07/2024  22:04:40  PAGE 15


  +--> ?PR?_CHECK_COLLISION_Y_TTRIS?TETRIS
  +--> ?PR?_SND_TTRIS?TETRIS

?PR?_CHECK_COLLISION_X_TTRIS?TETRIS              -----    -----      -----    -----      04EAH    0004H
  +--> ?PR?_GRID_STAT_TTRIS?TETRIS

?PR?_CHECK_COLLISION_Y_TTRIS?TETRIS              -----    -----      -----    -----      04EAH    0004H
  +--> ?PR?_GRID_STAT_TTRIS?TETRIS

?PR?END_DROP_TTRIS?TETRIS                        -----    -----      -----    -----      04E6H    0002H
  +--> ?PR?_CHANGE_GRID_STAT_TTRIS?TETRIS
  +--> ?PR?DELETE_LINE_TTRIS?TETRIS
  +--> ?PR?CONVERT_NB_OF_LINE_TTRIS?TETRIS

?PR?_CHANGE_GRID_STAT_TTRIS?TETRIS               -----    -----      -----    -----      050AH    0005H
  +--> ?PR?_RECUPEDECALAGEY_TTRIS?TETRIS

?PR?DELETE_LINE_TTRIS?TETRIS                     -----    -----      -----    -----      04E8H    0018H
  +--> ?CO?TETRIS
  +--> ?PR?_GRID_STAT_TTRIS?TETRIS
  +--> ?PR?_FLASH_LINE_TTRIS?TETRIS
  +--> ?PR?_CLEAN_GRID_TTRIS?TETRIS
  +--> ?PR?_CALCUL_OF_SCORE_TTRIS?TETRIS

?PR?_FLASH_LINE_TTRIS?TETRIS                     -----    -----      -----    -----      0500H    0004H
  +--> ?PR?_PAINT_LINE_TTRIS?TETRIS
  +--> ?PR?_TINY_FLIP_TTRIS?TETRIS
  +--> ?PR?_SND_TTRIS?TETRIS

?PR?_PAINT_LINE_TTRIS?TETRIS                     -----    -----      -----    -----      0504H    0006H
  +--> ?PR?_CHANGE_GRID_STAT_TTRIS?TETRIS

?PR?_CLEAN_GRID_TTRIS?TETRIS                     -----    -----      -----    -----      0500H    0006H
  +--> ?PR?_GRID_STAT_TTRIS?TETRIS
  +--> ?PR?_CHANGE_GRID_STAT_TTRIS?TETRIS

?PR?END_PLAY_TTRIS?TETRIS                        -----    -----      -----    -----      04E6H    0001H
  +--> ?PR?_GRID_STAT_TTRIS?TETRIS

?PR?MOVE_PIECE_TTRIS?TETRIS                      -----    -----      -----    -----      -----    -----
  +--> ?PR?_OU_SUIS_JE_TTRIS?TETRIS
  +--> ?PR?_CHECK_COLLISION_X_TTRIS?TETRIS
  +--> ?PR?_CHECK_COLLISION_Y_TTRIS?TETRIS
  +--> ?PR?_TINY_FLIP_TTRIS?TETRIS

?PR?SNAKEGAME?SNAKE                              -----    -----      -----    -----      -----    -----
  +--> ?PR?PAGE0?SNAKE
  +--> ?PR?CHOICE?SNAKE
  +--> ?PR?OLED_CLEAR?OLED
  +--> ?PR?OLED_UPDATE?OLED
  +--> ?PR?SNAKE_INIT?SNAKE
  +--> ?PR?FOOD_INIT?SNAKE
  +--> ?PR?KEYPROS?SNAKE
  +--> ?PR?SNAKE_OVER?SNAKE

?PR?PAGE0?SNAKE                                  -----    -----      -----    -----      -----    -----
  +--> ?CO?SNAKE
BL51 BANKED LINKER/LOCATER V6.22.4.0                                                  12/07/2024  22:04:40  PAGE 16


  +--> ?PR?_OLED_SHOWSTRING?OLED
  +--> ?PR?_OLED_SHOWCHAR?OLED
  +--> ?PR?OLED_CLEAR?OLED
  +--> ?PR?OLED_UPDATE?OLED
  +--> ?PR?_DELAY_SNAKE?SNAKE
  +--> ?PR?CHOICE?SNAKE

?PR?CHOICE?SNAKE                                 -----    -----      -----    -----      -----    -----
  +--> ?PR?_DELAY_SNAKE?SNAKE

?PR?SNAKE_INIT?SNAKE                             -----    -----      -----    -----      04E4H    0001H
  +--> ?PR?_OLED_SNAKEBODY?SNAKE

?PR?_OLED_SNAKEBODY?SNAKE                        -----    -----      -----    -----      04E5H    0001H
  +--> ?PR?_OLED_SET_POS?OLED
  +--> ?CO?OLED_DATA
  +--> ?PR?_OLED_I2C_SENDBYTE?OLED

?PR?FOOD_INIT?SNAKE                              -----    -----      -----    -----      -----    -----
  +--> ?PR?_OLED_SNAKEBODY_FOOD?SNAKE

?PR?_OLED_SNAKEBODY_FOOD?SNAKE                   -----    -----      -----    -----      04E4H    0001H
  +--> ?PR?_OLED_SET_POS?OLED
  +--> ?CO?OLED_DATA
  +--> ?PR?_OLED_I2C_SENDBYTE?OLED

?PR?KEYPROS?SNAKE                                -----    -----      -----    -----      -----    -----
  +--> ?PR?LEFTKEY?SNAKE
  +--> ?PR?RIGHTKEY?SNAKE
  +--> ?PR?UPKEY?SNAKE
  +--> ?PR?DOWNKEY?SNAKE

?PR?LEFTKEY?SNAKE                                -----    -----      -----    -----      -----    -----
  +--> ?PR?_DELAY_SNAKE?SNAKE

?PR?RIGHTKEY?SNAKE                               -----    -----      -----    -----      -----    -----
  +--> ?PR?_DELAY_SNAKE?SNAKE

?PR?UPKEY?SNAKE                                  -----    -----      -----    -----      -----    -----
  +--> ?PR?_DELAY_SNAKE?SNAKE

?PR?DOWNKEY?SNAKE                                -----    -----      -----    -----      -----    -----
  +--> ?PR?_DELAY_SNAKE?SNAKE

?PR?SNAKE_OVER?SNAKE                             -----    -----      -----    -----      -----    -----
  +--> ?PR?OLED_CLEAR?OLED
  +--> ?CO?SNAKE
  +--> ?PR?_OLED_SHOWSTRING?OLED
  +--> ?PR?OLED_UPDATE?OLED
  +--> ?PR?GAME_RESTART?SNAKE

?PR?GAME_RESTART?SNAKE                           -----    -----      -----    -----      -----    -----
  +--> ?PR?_DELAY_SNAKE?SNAKE
  +--> ?PR?OLED_CLEAR?OLED
  +--> ?PR?OLED_UPDATE?OLED


BL51 BANKED LINKER/LOCATER V6.22.4.0                                                  12/07/2024  22:04:40  PAGE 17



SYMBOL TABLE OF MODULE:  .\Objects\PLAY_Game (MAIN)

  VALUE           TYPE          NAME
  ----------------------------------

  -------         MODULE        MAIN
  C:0000H         SYMBOL        _ICE_DUMMY_
  D:0080H         PUBLIC        P0
  X:047DH         PUBLIC        centar
  D:0090H         PUBLIC        P1
  D:00A0H         PUBLIC        P2
  D:00B0H         PUBLIC        P3
  X:047FH         PUBLIC        promjer
  D:00C0H         PUBLIC        P4
  X:0481H         PUBLIC        trenutno
  D:00C8H         PUBLIC        P5
  B:00A8H.7       PUBLIC        EA
  D:00E8H         PUBLIC        P6
  X:0485H         PUBLIC        bodovi
  D:00F8H         PUBLIC        P7
  C:6FE3H         PUBLIC        DinoGame
  X:0487H         PUBLIC        brzina
  X:0489H         PUBLIC        postoji
  C:BE32H         PUBLIC        millis
  D:00A8H         PUBLIC        IE
  B:0080H.6       PUBLIC        up_key
  C:000EH         PUBLIC        get_key_val
  C:B476H         PUBLIC        ws2812_random_colors
  D:00B8H         PUBLIC        IP
  X:048BH         PUBLIC        Roll
  B:0080H.7       PUBLIC        handle_key
  X:048FH         PUBLIC        rx2
  X:0491H         PUBLIC        rx3
  X:0493H         PUBLIC        ry2
  X:0495H         PUBLIC        rx4
  X:0497H         PUBLIC        ry3
  X:0499H         PUBLIC        ry4
  X:049BH         PUBLIC        state_flag
  X:049CH         PUBLIC        seed
  X:049EH         PUBLIC        smjer
  D:00D8H         PUBLIC        CCON
  C:95EEH         PUBLIC        ponovo
  C:64E6H         PUBLIC        main
  C:286BH         PUBLIC        Star_War
  C:B216H         PUBLIC        update_brightness
  X:04A0H         PUBLIC        zivoti
  C:BD88H         PUBLIC        Timer0_Init
  X:04A2H         PUBLIC        tick
  X:04A4H         PUBLIC        breathing_speed
  X:04A5H         PUBLIC        Yaw
  B:0080H.4       PUBLIC        fn2_key
  D:0098H         PUBLIC        SCON
  D:0089H         PUBLIC        TMOD
  D:0088H         PUBLIC        TCON
  C:986DH         PUBLIC        ws2812_allot
  X:04A9H         PUBLIC        nivo
BL51 BANKED LINKER/LOCATER V6.22.4.0                                                  12/07/2024  22:04:40  PAGE 18


  X:04ABH         PUBLIC        metx
  X:04ADH         PUBLIC        brightness
  X:04AFH         PUBLIC        mety
  D:008EH         PUBLIC        AUXR
  X:04B1H         PUBLIC        poc
  X:04B3H         PUBLIC        bluetooth_control
  C:ABD2H         PUBLIC        Timer0_Isr
  X:04B4H         PUBLIC        nep
  X:04B6H         PUBLIC        najmanja
  X:04B8H         PUBLIC        direction
  B:00A8H.1       PUBLIC        ET0
  B:0088H.5       PUBLIC        TF0
  X:04BAH         PUBLIC        odabrano
  X:04BEH         PUBLIC        ispaljeno
  D:008CH         PUBLIC        TH0
  C:A522H         PUBLIC        Uart2
  D:008AH         PUBLIC        TL0
  X:04C0H         PUBLIC        go
  B:0088H.4       PUBLIC        TR0
  X:04C2H         PUBLIC        poz
  X:04C4H         SYMBOL        timestamp
  X:04C8H         PUBLIC        najveca
  X:04CAH         PUBLIC        pozicija
  X:04CCH         PUBLIC        nivovrije
  D:009BH         PUBLIC        S2BUF
  B:00A0H.5       PUBLIC        down_key
  D:009AH         PUBLIC        S2CON
  X:04D0H         PUBLIC        tt
  X:04D4H         PUBLIC        rx
  X:04D6H         PUBLIC        ry
  C:B694H         PUBLIC        rand_51
  X:04D8H         PUBLIC        handle
  X:04D9H         PUBLIC        Pitch
  D:00D0H         PUBLIC        PSW
  C:9080H         PUBLIC        TetrisGame
  X:04DDH         PUBLIC        pocetno
  X:04E1H         PUBLIC        key_num
  X:04E2H         PUBLIC        bkugle
  -------         PROC          GET_KEY_VAL
  C:000EH         LINE#         73
  C:000EH         LINE#         74
  C:000EH         LINE#         75
  C:0011H         LINE#         76
  C:0014H         LINE#         77
  C:0017H         LINE#         78
  C:001AH         LINE#         79
  C:001DH         LINE#         80
  C:0020H         LINE#         81
  C:0022H         LINE#         82
  -------         ENDPROC       GET_KEY_VAL
  -------         PROC          TIMER0_INIT
  C:BD88H         LINE#         85
  C:BD88H         LINE#         86
  C:BD88H         LINE#         87
  C:BD8BH         LINE#         88
  C:BD8EH         LINE#         89
  C:BD91H         LINE#         90
BL51 BANKED LINKER/LOCATER V6.22.4.0                                                  12/07/2024  22:04:40  PAGE 19


  C:BD94H         LINE#         91
  C:BD96H         LINE#         92
  C:BD98H         LINE#         93
  C:BD9AH         LINE#         94
  C:BD9CH         LINE#         95
  -------         ENDPROC       TIMER0_INIT
  -------         PROC          MILLIS
  C:BE32H         LINE#         98
  C:BE32H         LINE#         99
  C:BE32H         LINE#         100
  C:BE40H         LINE#         101
  -------         ENDPROC       MILLIS
  -------         PROC          PONOVO
  C:95EEH         LINE#         108
  C:95EEH         LINE#         109
  C:95EEH         LINE#         111
  C:95F5H         LINE#         112
  C:95FBH         LINE#         113
  C:9601H         LINE#         114
  C:9609H         LINE#         115
  C:9610H         LINE#         116
  C:9616H         LINE#         119
  C:961EH         LINE#         120
  C:9623H         LINE#         121
  C:962BH         LINE#         122
  C:9632H         LINE#         123
  C:963AH         LINE#         124
  C:9641H         LINE#         127
  C:9647H         LINE#         130
  C:964DH         LINE#         131
  C:9655H         LINE#         132
  C:965EH         LINE#         133
  C:9668H         LINE#         134
  C:9671H         LINE#         137
  C:967AH         LINE#         138
  C:9681H         LINE#         141
  C:9689H         LINE#         142
  C:9690H         LINE#         143
  C:9696H         LINE#         144
  C:969DH         LINE#         145
  C:96A7H         LINE#         146
  C:96B1H         LINE#         147
  C:96BBH         LINE#         148
  C:96C5H         LINE#         149
  -------         ENDPROC       PONOVO
  -------         PROC          WS2812_ALLOT
  -------         DO            
  D:0007H         SYMBOL        i
  D:0006H         SYMBOL        j
  -------         ENDDO         
  C:986DH         LINE#         157
  C:986DH         LINE#         158
  C:986DH         LINE#         161
  C:986FH         LINE#         163
  C:9871H         LINE#         165
  C:9874H         LINE#         167
  C:9888H         LINE#         168
BL51 BANKED LINKER/LOCATER V6.22.4.0                                                  12/07/2024  22:04:40  PAGE 20


  C:9888H         LINE#         169
  C:98A3H         LINE#         170
  C:98A5H         LINE#         171
  C:98A5H         LINE#         172
  C:98A5H         LINE#         173
  C:98A7H         LINE#         174
  C:98A7H         LINE#         175
  C:98C2H         LINE#         176
  C:98C4H         LINE#         177
  C:98C4H         LINE#         178
  C:98DEH         LINE#         179
  C:98E0H         LINE#         180
  C:98E0H         LINE#         181
  C:98E0H         LINE#         182
  C:98E0H         LINE#         184
  C:98E4H         LINE#         185
  C:9901H         LINE#         188
  C:9921H         LINE#         189
  C:9933H         LINE#         190
  -------         ENDPROC       WS2812_ALLOT
  -------         PROC          UPDATE_BRIGHTNESS
  C:B216H         LINE#         194
  C:B216H         LINE#         195
  C:B216H         LINE#         197
  C:B22AH         LINE#         200
  C:B239H         LINE#         201
  C:B242H         LINE#         202
  C:B248H         LINE#         203
  C:B254H         LINE#         204
  C:B25BH         LINE#         205
  C:B262H         LINE#         206
  C:B262H         LINE#         207
  -------         ENDPROC       UPDATE_BRIGHTNESS
  -------         PROC          RAND_51
  C:B694H         LINE#         210
  C:B694H         LINE#         211
  C:B694H         LINE#         212
  C:B6C0H         LINE#         213
  C:B6D1H         LINE#         214
  -------         ENDPROC       RAND_51
  -------         PROC          WS2812_RANDOM_COLORS
  -------         DO            
  X:06DEH         SYMBOL        i
  X:06DFH         SYMBOL        j
  -------         ENDDO         
  C:B476H         LINE#         216
  C:B476H         LINE#         217
  C:B476H         LINE#         219
  C:B47BH         LINE#         220
  C:B480H         LINE#         221
  C:B4A5H         LINE#         222
  C:B4B1H         LINE#         223
  C:B4BDH         LINE#         224
  -------         ENDPROC       WS2812_RANDOM_COLORS
  -------         PROC          TIMER0_ISR
  C:ABD2H         LINE#         225
  C:ABE9H         LINE#         227
BL51 BANKED LINKER/LOCATER V6.22.4.0                                                  12/07/2024  22:04:40  PAGE 21


  C:AC08H         LINE#         228
  C:AC16H         LINE#         230
  C:AC29H         LINE#         231
  C:AC2DH         LINE#         232
  C:AC30H         LINE#         233
  C:AC30H         LINE#         234
  -------         ENDPROC       TIMER0_ISR
  -------         PROC          UART2
  -------         DO            
  D:0007H         SYMBOL        recv_data
  -------         ENDDO         
  C:A522H         LINE#         237
  C:A52FH         LINE#         240
  C:A534H         LINE#         241
  C:A537H         LINE#         242
  C:A539H         LINE#         243
  C:A53DH         LINE#         244
  C:A540H         LINE#         245
  C:A546H         LINE#         246
  C:A549H         LINE#         247
  C:A54FH         LINE#         248
  C:A552H         LINE#         249
  C:A558H         LINE#         250
  C:A55BH         LINE#         251
  C:A561H         LINE#         252
  C:A567H         LINE#         253
  C:A56DH         LINE#         254
  C:A573H         LINE#         255
  C:A579H         LINE#         256
  C:A57FH         LINE#         257
  C:A585H         LINE#         258
  C:A58BH         LINE#         259
  C:A591H         LINE#         260
  C:A597H         LINE#         261
  C:A599H         LINE#         262
  C:A59EH         LINE#         263
  C:A59EH         LINE#         264
  C:A5A0H         LINE#         265
  C:A5A5H         LINE#         266
  C:A5A8H         LINE#         268
  C:A5A8H         LINE#         269
  -------         ENDPROC       UART2
  -------         PROC          DINOGAME
  -------         DO            
  X:04E4H         SYMBOL        key_num
  X:04E5H         SYMBOL        cactus_category
  X:04E6H         SYMBOL        cactus_length
  X:04E7H         SYMBOL        score
  X:04E9H         SYMBOL        highest_score
  X:04EBH         SYMBOL        height
  X:04EDH         SYMBOL        cactus_pos
  X:04EFH         SYMBOL        cur_speed
  X:04F0H         SYMBOL        failed
  X:04F1H         SYMBOL        reset
  -------         ENDDO         
  C:6FE3H         LINE#         272
  C:6FE3H         LINE#         273
BL51 BANKED LINKER/LOCATER V6.22.4.0                                                  12/07/2024  22:04:40  PAGE 22


  C:6FE3H         LINE#         275
  C:6FE8H         LINE#         277
  C:6FEAH         LINE#         279
  C:6FEEH         LINE#         281
  C:6FF3H         LINE#         282
  C:6FF7H         LINE#         284
  C:6FFBH         LINE#         286
  C:7001H         LINE#         288
  C:7005H         LINE#         290
  C:7008H         LINE#         292
  C:700AH         LINE#         295
  C:7026H         LINE#         296
  C:7029H         LINE#         298
  C:702CH         LINE#         299
  C:7034H         LINE#         300
  C:7034H         LINE#         301
  C:7034H         LINE#         303
  C:703BH         LINE#         304
  C:703EH         LINE#         305
  C:7041H         LINE#         307
  C:7041H         LINE#         309
  C:704CH         LINE#         310
  C:704CH         LINE#         312
  C:7054H         LINE#         313
  C:7057H         LINE#         315
  C:705FH         LINE#         317
  C:7062H         LINE#         318
  C:7065H         LINE#         319
  C:7068H         LINE#         320
  C:7084H         LINE#         321
  C:708BH         LINE#         322
  C:708FH         LINE#         323
  C:7095H         LINE#         324
  C:709AH         LINE#         325
  C:709EH         LINE#         327
  C:70ABH         LINE#         330
  C:70ABH         LINE#         331
  C:70ADH         LINE#         332
  C:70ADH         LINE#         335
  C:70BBH         LINE#         337
  C:70D4H         LINE#         340
  C:70D7H         LINE#         341
  C:70DAH         LINE#         344
  C:7104H         LINE#         345
  C:7107H         LINE#         349
  C:711CH         LINE#         350
  C:7129H         LINE#         351
  C:7135H         LINE#         352
  C:7138H         LINE#         355
  C:714FH         LINE#         356
  C:7160H         LINE#         357
  C:7165H         LINE#         358
  C:7165H         LINE#         361
  C:71BBH         LINE#         362
  C:71C1H         LINE#         363
  C:71C1H         LINE#         371
  C:71C6H         LINE#         374
BL51 BANKED LINKER/LOCATER V6.22.4.0                                                  12/07/2024  22:04:40  PAGE 23


  C:71DAH         LINE#         375
  C:71E2H         LINE#         376
  C:71F3H         LINE#         378
  C:71F8H         LINE#         379
  C:71FBH         LINE#         380
  -------         ENDPROC       DINOGAME
  -------         PROC          STAR_WAR
  C:286BH         LINE#         383
  C:286BH         LINE#         384
  C:286BH         LINE#         386
  C:286EH         LINE#         388
  C:288AH         LINE#         390
  C:288DH         LINE#         392
  C:2890H         LINE#         393
  C:2898H         LINE#         394
  C:2898H         LINE#         395
  C:2898H         LINE#         398
  C:2898H         LINE#         400
  C:28A3H         LINE#         401
  C:28A3H         LINE#         403
  C:28ACH         LINE#         405
  C:28B9H         LINE#         407
  C:28BCH         LINE#         410
  C:28C7H         LINE#         411
  C:28D2H         LINE#         412
  C:28DDH         LINE#         413
  C:28E8H         LINE#         414
  C:28F3H         LINE#         415
  C:28FEH         LINE#         416
  C:2909H         LINE#         417
  C:2914H         LINE#         418
  C:291FH         LINE#         419
  C:292AH         LINE#         420
  C:2935H         LINE#         421
  C:2940H         LINE#         422
  C:294BH         LINE#         423
  C:2956H         LINE#         424
  C:2961H         LINE#         425
  C:296CH         LINE#         426
  C:2977H         LINE#         427
  C:2982H         LINE#         430
  C:298CH         LINE#         431
  C:2995H         LINE#         432
  C:29B2H         LINE#         433
  C:29BAH         LINE#         434
  C:29BAH         LINE#         436
  C:29C3H         LINE#         439
  C:29F7H         LINE#         440
  C:2A0BH         LINE#         441
  C:2A19H         LINE#         443
  C:2A27H         LINE#         444
  C:2A3AH         LINE#         445
  C:2A48H         LINE#         446
  C:2A56H         LINE#         447
  C:2A56H         LINE#         448
  C:2A64H         LINE#         449
  C:2A72H         LINE#         450
BL51 BANKED LINKER/LOCATER V6.22.4.0                                                  12/07/2024  22:04:40  PAGE 24


  C:2A72H         LINE#         453
  C:2AAFH         LINE#         454
  C:2AB6H         LINE#         455
  C:2AC4H         LINE#         456
  C:2AD1H         LINE#         457
  C:2AD9H         LINE#         458
  C:2AE8H         LINE#         459
  C:2AE8H         LINE#         460
  C:2AEEH         LINE#         461
  C:2AF6H         LINE#         462
  C:2B05H         LINE#         463
  C:2B05H         LINE#         464
  C:2B11H         LINE#         465
  C:2B19H         LINE#         466
  C:2B28H         LINE#         467
  C:2B28H         LINE#         469
  C:2B34H         LINE#         470
  C:2B3CH         LINE#         471
  C:2B4BH         LINE#         472
  C:2B4BH         LINE#         473
  C:2B4BH         LINE#         476
  C:2B5CH         LINE#         477
  C:2B74H         LINE#         478
  C:2B89H         LINE#         479
  C:2B89H         LINE#         481
  C:2B9AH         LINE#         482
  C:2BB4H         LINE#         483
  C:2BC9H         LINE#         484
  C:2BC9H         LINE#         486
  C:2BDAH         LINE#         487
  C:2BF4H         LINE#         488
  C:2C09H         LINE#         489
  C:2C09H         LINE#         491
  C:2C1AH         LINE#         492
  C:2C34H         LINE#         493
  C:2C49H         LINE#         494
  C:2C49H         LINE#         497
  C:2C64H         LINE#         498
  C:2C69H         LINE#         499
  C:2C77H         LINE#         500
  C:2C77H         LINE#         503
  C:2C92H         LINE#         504
  C:2C97H         LINE#         505
  C:2CA5H         LINE#         506
  C:2CA5H         LINE#         509
  C:2CB9H         LINE#         510
  C:2CBDH         LINE#         511
  C:2CC4H         LINE#         512
  C:2CCDH         LINE#         513
  C:2CE1H         LINE#         515
  C:2CE1H         LINE#         517
  C:2CEDH         LINE#         518
  C:2CFBH         LINE#         520
  C:2D28H         LINE#         521
  C:2D28H         LINE#         524
  C:2D4BH         LINE#         526
  C:2D69H         LINE#         527
BL51 BANKED LINKER/LOCATER V6.22.4.0                                                  12/07/2024  22:04:40  PAGE 25


  C:2D9FH         LINE#         530
  C:2DB6H         LINE#         531
  C:2DDFH         LINE#         534
  C:2DF4H         LINE#         535
  C:2E1BH         LINE#         538
  C:2E30H         LINE#         539
  C:2E57H         LINE#         541
  C:2E8AH         LINE#         544
  C:2E8DH         LINE#         547
  C:2E9EH         LINE#         548
  C:2EA5H         LINE#         551
  C:2EB2H         LINE#         552
  C:2EC3H         LINE#         553
  C:2EC5H         LINE#         554
  C:2ED7H         LINE#         555
  C:2ED7H         LINE#         558
  C:2EFBH         LINE#         559
  C:2F03H         LINE#         560
  C:2F10H         LINE#         561
  C:2F17H         LINE#         564
  C:2F5EH         LINE#         565
  C:2FA8H         LINE#         566
  C:2FB2H         LINE#         568
  C:2FC0H         LINE#         569
  C:2FC7H         LINE#         570
  C:2FC7H         LINE#         573
  C:2FDCH         LINE#         574
  C:3012H         LINE#         575
  C:302EH         LINE#         576
  C:3037H         LINE#         577
  C:303FH         LINE#         579
  C:304DH         LINE#         580
  C:304DH         LINE#         582
  C:307CH         LINE#         583
  C:3098H         LINE#         584
  C:30A2H         LINE#         585
  C:30ACH         LINE#         587
  C:30BAH         LINE#         588
  C:30BAH         LINE#         590
  C:30F1H         LINE#         591
  C:310DH         LINE#         592
  C:3117H         LINE#         593
  C:3121H         LINE#         595
  C:312FH         LINE#         596
  C:312FH         LINE#         598
  C:3166H         LINE#         599
  C:3182H         LINE#         600
  C:318BH         LINE#         601
  C:3195H         LINE#         602
  C:319CH         LINE#         604
  C:31AAH         LINE#         605
  C:31AAH         LINE#         608
  C:31BBH         LINE#         609
  C:31C2H         LINE#         610
  C:31CAH         LINE#         611
  C:31CAH         LINE#         614
  C:31D4H         LINE#         615
BL51 BANKED LINKER/LOCATER V6.22.4.0                                                  12/07/2024  22:04:40  PAGE 26


  C:31DBH         LINE#         616
  C:31DBH         LINE#         619
  C:31EAH         LINE#         621
  C:31F4H         LINE#         622
  C:31FCH         LINE#         623
  C:31FCH         LINE#         625
  C:31FFH         LINE#         628
  C:3216H         LINE#         631
  C:322DH         LINE#         632
  C:3256H         LINE#         635
  C:326DH         LINE#         636
  C:3296H         LINE#         638
  C:32ADH         LINE#         639
  C:32E0H         LINE#         642
  C:32E3H         LINE#         645
  C:32F1H         LINE#         646
  C:32F6H         LINE#         647
  C:32F9H         LINE#         648
  C:32F9H         LINE#         649
  C:32F9H         LINE#         650
  C:32FCH         LINE#         651
  -------         ENDPROC       STAR_WAR
  -------         PROC          TETRISGAME
  -------         DO            
  X:04E4H         SYMBOL        Rot_TTRIS
  X:04E5H         SYMBOL        SKIP_FRAME
  -------         ENDDO         
  C:9080H         LINE#         654
  C:9080H         LINE#         655
  C:9080H         LINE#         657
  C:9085H         LINE#         659
  C:9087H         LINE#         661
  C:908AH         LINE#         663
  C:908AH         LINE#         665
  C:908DH         LINE#         667
  C:9090H         LINE#         669
  C:90A3H         LINE#         672
  C:90A6H         LINE#         675
  C:90AFH         LINE#         677
  C:90B4H         LINE#         679
  C:90BBH         LINE#         681
  C:90C4H         LINE#         682
  C:90CDH         LINE#         685
  C:90CDH         LINE#         687
  C:90D4H         LINE#         688
  C:90D4H         LINE#         689
  C:90D4H         LINE#         691
  C:90DDH         LINE#         693
  C:90E5H         LINE#         695
  C:90E8H         LINE#         697
  C:90EEH         LINE#         699
  C:90F3H         LINE#         701
  C:90F8H         LINE#         703
  C:90FFH         LINE#         705
  C:9102H         LINE#         706
  C:9104H         LINE#         707
  C:9104H         LINE#         709
BL51 BANKED LINKER/LOCATER V6.22.4.0                                                  12/07/2024  22:04:40  PAGE 27


  C:910DH         LINE#         710
  C:9116H         LINE#         711
  C:911EH         LINE#         712
  C:9127H         LINE#         714
  C:912DH         LINE#         716
  C:9132H         LINE#         717
  C:9135H         LINE#         718
  C:913AH         LINE#         719
  C:913AH         LINE#         722
  C:9147H         LINE#         724
  C:914AH         LINE#         726
  C:9150H         LINE#         727
  C:9150H         LINE#         730
  C:9153H         LINE#         732
  C:915AH         LINE#         733
  C:915FH         LINE#         734
  C:9164H         LINE#         735
  C:9167H         LINE#         736
  C:916DH         LINE#         737
  C:916DH         LINE#         738
  -------         ENDPROC       TETRISGAME
  -------         PROC          MAIN
  C:64E6H         LINE#         742
  C:64E6H         LINE#         743
  C:64E6H         LINE#         745
  C:64E9H         LINE#         746
  C:64ECH         LINE#         747
  C:64EFH         LINE#         748
  C:64F2H         LINE#         749
  C:64F5H         LINE#         750
  C:6511H         LINE#         751
  C:6514H         LINE#         752
  C:651AH         LINE#         753
  C:6523H         LINE#         754
  C:6526H         LINE#         755
  C:6529H         LINE#         756
  C:652BH         LINE#         757
  C:6531H         LINE#         759
  C:6534H         LINE#         761
  C:65ABH         LINE#         762
  C:66A5H         LINE#         763
  C:67EEH         LINE#         765
  C:67F7H         LINE#         766
  C:6800H         LINE#         767
  C:6809H         LINE#         768
  C:681DH         LINE#         769
  C:6820H         LINE#         770
  C:6820H         LINE#         771
  C:683CH         LINE#         772
  C:683FH         LINE#         773
  C:6851H         LINE#         774
  C:6851H         LINE#         775
  C:6854H         LINE#         776
  C:6856H         LINE#         777
  C:6856H         LINE#         778
  C:6859H         LINE#         779
  C:685BH         LINE#         780
BL51 BANKED LINKER/LOCATER V6.22.4.0                                                  12/07/2024  22:04:40  PAGE 28


  C:685BH         LINE#         781
  C:685EH         LINE#         782
  C:6860H         LINE#         783
  C:6860H         LINE#         784
  C:6863H         LINE#         785
  -------         ENDPROC       MAIN
  -------         ENDMOD        MAIN

  -------         MODULE        OLED
  C:0000H         SYMBOL        _ICE_DUMMY_
  X:000EH         PUBLIC        OLED_DisplayBuf
  D:0080H         PUBLIC        P0
  C:B3E3H         PUBLIC        OLED_DrawRestart
  D:0090H         PUBLIC        P1
  D:00A0H         PUBLIC        P2
  C:9ABDH         PUBLIC        _OLED_ShowHexNum
  D:00B0H         PUBLIC        P3
  D:00C0H         PUBLIC        P4
  D:00C8H         PUBLIC        P5
  D:00E8H         PUBLIC        P6
  D:00F8H         PUBLIC        P7
  C:BE5FH         PUBLIC        _oled_set_pos
  C:B0C2H         PUBLIC        OLED_DrawGround
  D:00A8H         PUBLIC        IE
  C:6B3CH         PUBLIC        _OLED_ShowImage
  C:853BH         PUBLIC        OLED_DrawCloud
  C:B5D0H         PUBLIC        _OLED_WriteData
  C:BEE0H         PUBLIC        _OLED_W_SDA
  D:00B8H         PUBLIC        IP
  C:A9E4H         PUBLIC        OLED_Init
  C:BED7H         PUBLIC        _OLED_W_SCL
  C:6128H         PUBLIC        _OLED_DrawLine
  C:AADCH         PUBLIC        OLED_DrawDino
  C:9A1EH         PUBLIC        _OLED_DrawPoint
  D:00D8H         PUBLIC        CCON
  C:ADFBH         PUBLIC        _OLED_ShowString
  C:9FA4H         PUBLIC        _OLED_ShowChar
  C:761FH         PUBLIC        _OLED_pnpoly
  C:BD0AH         PUBLIC        OLED_GPIO_Init
  C:4D03H         PUBLIC        _OLED_DrawArc
  C:7B43H         PUBLIC        _OLED_DrawRectangle
  D:0098H         PUBLIC        SCON
  C:9E54H         PUBLIC        _OLED_GetPoint
  D:0088H         PUBLIC        TCON
  C:BE50H         PUBLIC        _OLED_SetCursor
  C:BE41H         PUBLIC        OLED_I2C_Start
  B:0080H.3       PUBLIC        sda
  C:925BH         PUBLIC        _OLED_ShowSignedNum
  C:ACCFH         PUBLIC        _OLED_Pow
  C:7413H         PUBLIC        _OLED_DrawDinoJump
  C:BE8DH         SYMBOL        _?ix1000
  B:0080H.2       PUBLIC        scl
  C:BE91H         SYMBOL        _?ix1001
  C:B3A7H         PUBLIC        _OLED_I2C_SendByte
  C:BEA7H         PUBLIC        OLED_I2C_Stop
  C:AE73H         PUBLIC        _oled_drawbmp_block_clear
  C:6865H         PUBLIC        _OLED_DrawTriangle
BL51 BANKED LINKER/LOCATER V6.22.4.0                                                  12/07/2024  22:04:40  PAGE 29


  C:B9E9H         PUBLIC        _delay_ms
  C:71FCH         PUBLIC        _OLED_ShowFloatNum
  C:BBDDH         PUBLIC        _OLED_WriteCommand
  C:BF2DH         PUBLIC        delay_us
  C:A5B3H         PUBLIC        _OLED_ShowNum
  C:87AAH         PUBLIC        _OLED_ReverseArea
  C:77EEH         PUBLIC        _OLED_DrawCactusRandom
  C:9367H         PUBLIC        _OLED_IsInAngle
  C:BA15H         PUBLIC        OLED_Reverse
  C:8E78H         PUBLIC        _OLED_UpdateArea
  C:456FH         PUBLIC        _OLED_DrawEllipse
  C:867AH         PUBLIC        _OLED_ClearArea
  C:58E5H         PUBLIC        _OLED_DrawCircle
  C:B81CH         PUBLIC        OLED_Update
  C:8A05H         PUBLIC        _OLED_ShowChinese
  C:BA40H         PUBLIC        OLED_Clear
  C:A184H         PUBLIC        _OLED_ShowBinNum
  D:00D0H         PUBLIC        PSW
  C:83F8H         PUBLIC        OLED_DrawCactus
  -------         PROC          _OLED_W_SCL
  D:0007H         SYMBOL        BitValue
  C:BED7H         LINE#         140
  C:BED7H         LINE#         141
  C:BED7H         LINE#         143
  C:BEDDH         LINE#         144
  C:BEDFH         LINE#         145
  -------         ENDPROC       _OLED_W_SCL
  -------         PROC          _OLED_W_SDA
  D:0007H         SYMBOL        BitValue
  C:BEE0H         LINE#         155
  C:BEE0H         LINE#         156
  C:BEE0H         LINE#         158
  C:BEE6H         LINE#         159
  C:BEE8H         LINE#         160
  -------         ENDPROC       _OLED_W_SDA
  -------         PROC          OLED_GPIO_INIT
  -------         DO            
  D:0008H         SYMBOL        i
  D:0009H         SYMBOL        j
  D:000AH         SYMBOL        k
  -------         ENDDO         
  C:BD0AH         LINE#         169
  C:BD0AH         LINE#         170
  C:BD0AH         LINE#         174
  C:BD0DH         LINE#         175
  C:BD10H         LINE#         176
  C:BD13H         LINE#         177
  C:BD13H         LINE#         178
  C:BD13H         LINE#         179
  C:BD16H         LINE#         180
  C:BD19H         LINE#         181
  C:BD1CH         LINE#         184
  C:BD21H         LINE#         185
  -------         ENDPROC       OLED_GPIO_INIT
  -------         PROC          OLED_I2C_START
  C:BE41H         LINE#         194
  C:BE41H         LINE#         195
BL51 BANKED LINKER/LOCATER V6.22.4.0                                                  12/07/2024  22:04:40  PAGE 30


  C:BE41H         LINE#         196
  C:BE46H         LINE#         197
  C:BE49H         LINE#         198
  C:BE4DH         LINE#         199
  -------         ENDPROC       OLED_I2C_START
  -------         PROC          OLED_I2C_STOP
  C:BEA7H         LINE#         207
  C:BEA7H         LINE#         208
  C:BEA7H         LINE#         209
  C:BEACH         LINE#         210
  C:BEB0H         LINE#         211
  -------         ENDPROC       OLED_I2C_STOP
  C:B39AH         SYMBOL        L?0471
  C:B39DH         SYMBOL        L?0472
  -------         PROC          L?0470
  -------         ENDPROC       L?0470
  C:B39AH         SYMBOL        L?0471
  C:B39DH         SYMBOL        L?0472
  -------         PROC          _OLED_I2C_SENDBYTE
  D:0005H         SYMBOL        Byte
  -------         DO            
  D:0004H         SYMBOL        i
  -------         ENDDO         
  C:B3A7H         LINE#         220
  C:B3A9H         LINE#         221
  C:B3A9H         LINE#         225
  C:B3ABH         LINE#         228
  C:B3CCH         LINE#         229
  C:B3D1H         LINE#         230
  C:B3D5H         LINE#         231
  C:B3DAH         LINE#         233
[...]
  C:7FFFH         LINE#         94
  C:800CH         LINE#         95
  C:804CH         LINE#         96
  C:8052H         LINE#         97
  C:8055H         LINE#         98
  C:8060H         LINE#         100
  C:8091H         LINE#         101
  C:8097H         LINE#         102
  C:8099H         LINE#         103
  C:80B7H         LINE#         104
  C:80D7H         LINE#         105
  C:80DCH         LINE#         106
  C:80DFH         LINE#         108
  C:80E2H         LINE#         109
  C:80F0H         LINE#         110
  C:810CH         LINE#         111
  C:8128H         LINE#         112
  C:812BH         LINE#         113
  C:813EH         LINE#         114
  C:8142H         LINE#         115
  C:8142H         LINE#         116
  C:8142H         LINE#         118
BL51 BANKED LINKER/LOCATER V6.22.4.0                                                  12/07/2024  22:04:40  PAGE 93


  C:8142H         LINE#         119
  -------         ENDPROC       MODELEFT
  -------         PROC          MODERIGHT
  -------         DO            
  D:0007H         SYMBOL        i
  D:0007H         SYMBOL        j
  -------         ENDDO         
  C:7CD2H         LINE#         120
  C:7CD2H         LINE#         121
  C:7CD2H         LINE#         123
  C:7CDDH         LINE#         125
  C:7CF0H         LINE#         126
  C:7CF6H         LINE#         128
  C:7CFEH         LINE#         129
  C:7D0BH         LINE#         130
  C:7D55H         LINE#         131
  C:7D5BH         LINE#         132
  C:7D5EH         LINE#         134
  C:7D69H         LINE#         136
  C:7DA1H         LINE#         137
  C:7DA7H         LINE#         138
  C:7DA9H         LINE#         139
  C:7DC7H         LINE#         140
  C:7DE7H         LINE#         141
  C:7DECH         LINE#         142
  C:7DEFH         LINE#         144
  C:7DF2H         LINE#         145
  C:7E00H         LINE#         146
  C:7E1CH         LINE#         147
  C:7E38H         LINE#         148
  C:7E3BH         LINE#         149
  C:7E4EH         LINE#         150
  C:7E52H         LINE#         151
  C:7E52H         LINE#         152
  C:7E52H         LINE#         154
  C:7E52H         LINE#         155
  -------         ENDPROC       MODERIGHT
  -------         PROC          MODEUP
  -------         DO            
  D:0007H         SYMBOL        i
  D:0007H         SYMBOL        j
  -------         ENDDO         
  C:8143H         LINE#         156
  C:8143H         LINE#         157
  C:8143H         LINE#         159
  C:814EH         LINE#         161
  C:8160H         LINE#         162
  C:8166H         LINE#         164
  C:816EH         LINE#         165
  C:817BH         LINE#         166
  C:81BBH         LINE#         167
  C:81C1H         LINE#         168
  C:81C4H         LINE#         169
  C:81CFH         LINE#         171
  C:8200H         LINE#         172
  C:8206H         LINE#         173
  C:8208H         LINE#         174
BL51 BANKED LINKER/LOCATER V6.22.4.0                                                  12/07/2024  22:04:40  PAGE 94


  C:8225H         LINE#         175
  C:8246H         LINE#         176
  C:824BH         LINE#         177
  C:824EH         LINE#         179
  C:8251H         LINE#         180
  C:825FH         LINE#         181
  C:827BH         LINE#         182
  C:8297H         LINE#         183
  C:829AH         LINE#         184
  C:82ADH         LINE#         185
  C:82B1H         LINE#         186
  C:82B1H         LINE#         187
  C:82B1H         LINE#         189
  C:82B1H         LINE#         190
  -------         ENDPROC       MODEUP
  -------         PROC          MODEDOWN
  -------         DO            
  D:0007H         SYMBOL        i
  D:0007H         SYMBOL        j
  -------         ENDDO         
  C:7E53H         LINE#         191
  C:7E53H         LINE#         192
  C:7E53H         LINE#         194
  C:7E5EH         LINE#         196
  C:7E71H         LINE#         197
  C:7E77H         LINE#         199
  C:7E7FH         LINE#         200
  C:7E8CH         LINE#         201
  C:7ED6H         LINE#         202
  C:7EDCH         LINE#         203
  C:7EDFH         LINE#         205
  C:7EEAH         LINE#         207
  C:7F22H         LINE#         208
  C:7F28H         LINE#         209
  C:7F2AH         LINE#         210
  C:7F47H         LINE#         211
  C:7F68H         LINE#         212
  C:7F6DH         LINE#         213
  C:7F70H         LINE#         215
  C:7F73H         LINE#         216
  C:7F81H         LINE#         217
  C:7F9DH         LINE#         218
  C:7FB9H         LINE#         219
  C:7FBCH         LINE#         220
  C:7FCFH         LINE#         221
  C:7FD3H         LINE#         222
  C:7FD3H         LINE#         223
  C:7FD3H         LINE#         225
  C:7FD3H         LINE#         226
  -------         ENDPROC       MODEDOWN
  -------         PROC          KEYPROS
  C:BEBFH         LINE#         231
  C:BEBFH         LINE#         232
  C:BEBFH         LINE#         233
  C:BEC2H         LINE#         234
  C:BEC5H         LINE#         235
  C:BEC8H         LINE#         236
BL51 BANKED LINKER/LOCATER V6.22.4.0                                                  12/07/2024  22:04:40  PAGE 95


  -------         ENDPROC       KEYPROS
  -------         PROC          SNAKE_MODEPROS
  C:BECBH         LINE#         239
  C:BECBH         LINE#         240
  C:BECBH         LINE#         241
  C:BECEH         LINE#         242
  C:BED1H         LINE#         243
  C:BED4H         LINE#         244
  -------         ENDPROC       SNAKE_MODEPROS
  -------         PROC          GAME_RESTART
  C:BD3EH         LINE#         248
  C:BD3EH         LINE#         249
  C:BD3EH         LINE#         250
  C:BD41H         LINE#         251
  C:BD46H         LINE#         252
  C:BD49H         LINE#         253
  C:BD4EH         LINE#         254
  C:BD51H         LINE#         255
  C:BD54H         LINE#         256
  C:BD54H         LINE#         257
  C:BD57H         LINE#         258
  -------         ENDPROC       GAME_RESTART
  -------         PROC          SNAKE_OVER
  C:B2FDH         LINE#         260
  C:B2FDH         LINE#         261
  C:B2FDH         LINE#         262
  C:B305H         LINE#         263
  C:B309H         LINE#         264
  C:B30BH         LINE#         265
  C:B30EH         LINE#         266
  C:B316H         LINE#         267
  C:B32AH         LINE#         268
  C:B341H         LINE#         269
  C:B344H         LINE#         270
  C:B347H         LINE#         271
  C:B349H         LINE#         272
  C:B349H         LINE#         273
  -------         ENDPROC       SNAKE_OVER
  -------         PROC          FOOD_INIT
  -------         DO            
  D:0007H         SYMBOL        i
  -------         ENDDO         
  C:A75AH         LINE#         278
  C:A75AH         LINE#         279
  C:A75AH         LINE#         282
  C:A760H         LINE#         284
  C:A76BH         LINE#         285
  C:A770H         LINE#         287
  C:A77CH         LINE#         289
  C:A7C5H         LINE#         290
  C:A7C7H         LINE#         291
  C:A7CAH         LINE#         293
  C:A7CDH         LINE#         294
  C:A7CFH         LINE#         295
  C:A7D1H         LINE#         296
  C:A7D3H         LINE#         298
  C:A7D5H         LINE#         299
BL51 BANKED LINKER/LOCATER V6.22.4.0                                                  12/07/2024  22:04:40  PAGE 96


  C:A7E0H         LINE#         300
  C:A7E2H         LINE#         302
  C:A7E2H         LINE#         303
  C:A7E2H         LINE#         304
  C:A7E2H         LINE#         305
  -------         ENDPROC       FOOD_INIT
  -------         PROC          SNAKE_INIT
  -------         DO            
  X:04E4H         SYMBOL        i
  -------         ENDDO         
  C:B1C5H         LINE#         313
  C:B1C5H         LINE#         314
  C:B1C5H         LINE#         319
  C:B1CBH         LINE#         320
  C:B1CFH         LINE#         323
  C:B1D3H         LINE#         324
  C:B1D7H         LINE#         327
  C:B1DBH         LINE#         328
  C:B1DFH         LINE#         331
  C:B1F2H         LINE#         333
  C:B20DH         LINE#         334
  C:B215H         LINE#         335
  -------         ENDPROC       SNAKE_INIT
  -------         PROC          CHOICE
  C:B064H         LINE#         339
  C:B064H         LINE#         340
  C:B064H         LINE#         341
  C:B067H         LINE#         342
  C:B06CH         LINE#         343
  C:B06FH         LINE#         344
  C:B075H         LINE#         345
  C:B07BH         LINE#         346
  C:B07EH         LINE#         347
  C:B07EH         LINE#         348
  C:B081H         LINE#         349
  C:B081H         LINE#         351
  C:B084H         LINE#         352
  C:B089H         LINE#         353
  C:B08CH         LINE#         355
  C:B094H         LINE#         356
  C:B09AH         LINE#         357
  C:B0A0H         LINE#         358
  C:B0A2H         LINE#         359
  C:B0A4H         LINE#         360
  C:B0A4H         LINE#         361
  C:B0A8H         LINE#         362
  C:B0AEH         LINE#         363
  C:B0B4H         LINE#         364
  C:B0B6H         LINE#         365
  C:B0B8H         LINE#         366
  C:B0B8H         LINE#         367
  C:B0BCH         LINE#         368
  C:B0BEH         LINE#         369
  C:B0BEH         LINE#         370
  C:B0C1H         LINE#         371
  C:B0C1H         LINE#         372
  -------         ENDPROC       CHOICE
BL51 BANKED LINKER/LOCATER V6.22.4.0                                                  12/07/2024  22:04:40  PAGE 97


  -------         PROC          PAGE0
  C:82B2H         LINE#         375
  C:82B2H         LINE#         376
  C:82B2H         LINE#         377
  C:82C7H         LINE#         378
  C:82DEH         LINE#         379
  C:82F5H         LINE#         380
  C:830BH         LINE#         382
  C:8313H         LINE#         383
  C:8326H         LINE#         384
  C:8339H         LINE#         385
  C:834BH         LINE#         386
  C:834BH         LINE#         387
  C:8353H         LINE#         388
  C:8366H         LINE#         389
  C:8379H         LINE#         390
  C:838BH         LINE#         391
  C:838BH         LINE#         392
  C:8393H         LINE#         393
  C:83A6H         LINE#         394
  C:83B9H         LINE#         395
  C:83CBH         LINE#         396
  C:83CBH         LINE#         397
  C:83CEH         LINE#         398
  C:83D1H         LINE#         399
  C:83D4H         LINE#         400
  C:83D7H         LINE#         402
  C:83DFH         LINE#         403
  C:83E2H         LINE#         404
  C:83E4H         LINE#         405
  C:83E7H         LINE#         406
  C:83E7H         LINE#         407
  C:83ECH         LINE#         408
  C:83ECH         LINE#         409
  C:83EFH         LINE#         410
  C:83F2H         LINE#         411
  C:83F2H         LINE#         412
  C:83F5H         LINE#         413
  -------         ENDPROC       PAGE0
  -------         PROC          SNAKEGAME
  C:B612H         LINE#         422
  C:B612H         LINE#         423
  C:B612H         LINE#         425
  C:B618H         LINE#         426
  C:B61BH         LINE#         427
  C:B61DH         LINE#         430
  C:B620H         LINE#         433
  C:B627H         LINE#         435
  C:B62AH         LINE#         437
  C:B62DH         LINE#         438
  C:B630H         LINE#         441
  C:B632H         LINE#         444
  C:B638H         LINE#         447
  C:B63BH         LINE#         450
  C:B63DH         LINE#         451
  C:B63DH         LINE#         454
  C:B640H         LINE#         457
BL51 BANKED LINKER/LOCATER V6.22.4.0                                                  12/07/2024  22:04:40  PAGE 98


  C:B643H         LINE#         458
  C:B645H         LINE#         461
  C:B64CH         LINE#         463
  C:B64EH         LINE#         466
  C:B651H         LINE#         467
  C:B653H         LINE#         468
  -------         ENDPROC       SNAKEGAME
  -------         ENDMOD        SNAKE

  -------         MODULE        ?C?FPADD
  C:3304H         PUBLIC        ?C?FPADD
  C:3300H         PUBLIC        ?C?FPSUB
  -------         ENDMOD        ?C?FPADD

  -------         MODULE        ?C?FPMUL
  C:33F5H         PUBLIC        ?C?FPMUL
  -------         ENDMOD        ?C?FPMUL

  -------         MODULE        ?C?FPDIV
  C:34FEH         PUBLIC        ?C?FPDIV
  -------         ENDMOD        ?C?FPDIV

  -------         MODULE        ?C?FPCMP
  C:359DH         PUBLIC        ?C?FPCMP
  C:359BH         PUBLIC        ?C?FPCMP3
  -------         ENDMOD        ?C?FPCMP

  -------         MODULE        ?C?FPNEG
  C:3614H         PUBLIC        ?C?FPNEG
  -------         ENDMOD        ?C?FPNEG

  -------         MODULE        ?C?FCAST
  C:362FH         PUBLIC        ?C?FCASTC
  C:362AH         PUBLIC        ?C?FCASTI
  C:3625H         PUBLIC        ?C?FCASTL
  -------         ENDMOD        ?C?FCAST

  -------         MODULE        ?C?CASTF
  C:3663H         PUBLIC        ?C?CASTF
  -------         ENDMOD        ?C?CASTF

  -------         MODULE        ATAN2
  X:04E4H         PUBLIC        ?_atan2?BYTE
  C:A2C0H         PUBLIC        _atan2
  -------         ENDMOD        ATAN2

  -------         MODULE        ASIN
  C:B70EH         PUBLIC        _ASIN
  -------         ENDMOD        ASIN

  -------         MODULE        SQRT
  C:9DACH         PUBLIC        _SQRT
  -------         ENDMOD        SQRT

  -------         MODULE        ATAN
  C:8B50H         PUBLIC        _ATAN
  -------         ENDMOD        ATAN
BL51 BANKED LINKER/LOCATER V6.22.4.0                                                  12/07/2024  22:04:40  PAGE 99



  -------         MODULE        ?C?COPY
  C:3801H         PUBLIC        ?C?COPY
  -------         ENDMOD        ?C?COPY

  -------         MODULE        ?C?CLDPTR
  C:3827H         PUBLIC        ?C?CLDPTR
  -------         ENDMOD        ?C?CLDPTR

  -------         MODULE        ?C?CLDOPTR
  C:3840H         PUBLIC        ?C?CLDOPTR
  -------         ENDMOD        ?C?CLDOPTR

  -------         MODULE        ?C?CSTPTR
  C:386DH         PUBLIC        ?C?CSTPTR
  -------         ENDMOD        ?C?CSTPTR

  -------         MODULE        ?C?IMUL
  C:387FH         PUBLIC        ?C?IMUL
  -------         ENDMOD        ?C?IMUL

  -------         MODULE        ?C?UIDIV
  C:3891H         PUBLIC        ?C?UIDIV
  -------         ENDMOD        ?C?UIDIV

  -------         MODULE        ?C?SIDIV
  C:38E6H         PUBLIC        ?C?SIDIV
  -------         ENDMOD        ?C?SIDIV

  -------         MODULE        ?C?ILDIX
  C:391CH         PUBLIC        ?C?ILDIX
  -------         ENDMOD        ?C?ILDIX

  -------         MODULE        ?C?ILDOPTR
  C:3932H         PUBLIC        ?C?ILDOPTR
  -------         ENDMOD        ?C?ILDOPTR

  -------         MODULE        ?C?LMUL
  C:396AH         PUBLIC        ?C?LMUL
  -------         ENDMOD        ?C?LMUL

  -------         MODULE        ?C?ULDIV
  C:39F5H         PUBLIC        ?C?ULDIV
  -------         ENDMOD        ?C?ULDIV

  -------         MODULE        ?C?SLDIV
  C:B549H         PUBLIC        ?C?SLDIV
  -------         ENDMOD        ?C?SLDIV

  -------         MODULE        ?C?LNEG
  C:3A87H         PUBLIC        ?C?LNEG
  -------         ENDMOD        ?C?LNEG

  -------         MODULE        ?C?ULCMP
  C:3A95H         PUBLIC        ?C?ULCMP
  -------         ENDMOD        ?C?ULCMP

BL51 BANKED LINKER/LOCATER V6.22.4.0                                                  12/07/2024  22:04:40  PAGE 100


  -------         MODULE        ?C?LLDXDATA
  C:3AA6H         PUBLIC        ?C?LLDXDATA
  -------         ENDMOD        ?C?LLDXDATA

  -------         MODULE        ?C?LLDCODE
  C:3AB2H         PUBLIC        ?C?LLDCODE
  -------         ENDMOD        ?C?LLDCODE

  -------         MODULE        ?C?LLDXDATA0
  C:3AC2H         PUBLIC        ?C?LLDXDATA0
  -------         ENDMOD        ?C?LLDXDATA0

  -------         MODULE        ?C?LLDCODE0
  C:3ACEH         PUBLIC        ?C?LLDCODE0
  -------         ENDMOD        ?C?LLDCODE0

  -------         MODULE        ?C?LLDIXDATA
  C:3AE7H         PUBLIC        ?C?LLDIXDATA
  C:3ADEH         PUBLIC        ?C?LLDIXDATA1
  C:3AE0H         PUBLIC        ?C?LLDIXDATA8
  -------         ENDMOD        ?C?LLDIXDATA

  -------         MODULE        ?C?LSTXDATA
  C:3B13H         PUBLIC        ?C?LSTXDATA
  -------         ENDMOD        ?C?LSTXDATA

  -------         MODULE        ?C?LSTKXDATA
  C:3B1FH         PUBLIC        ?C?LSTKXDATA
  -------         ENDMOD        ?C?LSTKXDATA

  -------         MODULE        ?C?OFFXADD
  C:3B50H         PUBLIC        ?C?OFFXADD
  -------         ENDMOD        ?C?OFFXADD

  -------         MODULE        RAND
  X:06D7H         PUBLIC        ?SRAND?BYTE
  C:B34AH         PUBLIC        RAND
  C:B388H         PUBLIC        _SRAND
  -------         ENDMOD        RAND

  -------         MODULE        ?C?STRCMP
  C:3CDAH         PUBLIC        ?C?STRCMP
  -------         ENDMOD        ?C?STRCMP

*** WARNING L16: UNCALLED SEGMENT, IGNORED FOR OVERLAY PROCESS
    SEGMENT: ?PR?WS2812_RANDOM_COLORS?MAIN

*** WARNING L16: UNCALLED SEGMENT, IGNORED FOR OVERLAY PROCESS
    SEGMENT: ?PR?_OLED_UPDATEAREA?OLED

*** WARNING L16: UNCALLED SEGMENT, IGNORED FOR OVERLAY PROCESS
    SEGMENT: ?PR?OLED_REVERSE?OLED

*** WARNING L16: UNCALLED SEGMENT, IGNORED FOR OVERLAY PROCESS
    SEGMENT: ?PR?_OLED_REVERSEAREA?OLED

*** WARNING L16: UNCALLED SEGMENT, IGNORED FOR OVERLAY PROCESS
BL51 BANKED LINKER/LOCATER V6.22.4.0                                                  12/07/2024  22:04:40  PAGE 101


    SEGMENT: ?PR?_OLED_SHOWSIGNEDNUM?OLED

*** WARNING L16: UNCALLED SEGMENT, IGNORED FOR OVERLAY PROCESS
    SEGMENT: ?PR?_OLED_SHOWHEXNUM?OLED

*** WARNING L16: UNCALLED SEGMENT, IGNORED FOR OVERLAY PROCESS
    SEGMENT: ?PR?_OLED_SHOWBINNUM?OLED

*** WARNING L16: UNCALLED SEGMENT, IGNORED FOR OVERLAY PROCESS
    SEGMENT: ?PR?_OLED_SHOWFLOATNUM?OLED

*** WARNING L16: UNCALLED SEGMENT, IGNORED FOR OVERLAY PROCESS
    SEGMENT: ?PR?_OLED_SHOWCHINESE?OLED

*** WARNING L16: UNCALLED SEGMENT, IGNORED FOR OVERLAY PROCESS
    SEGMENT: ?PR?_OLED_GETPOINT?OLED

*** WARNING L16: UNCALLED SEGMENT, IGNORED FOR OVERLAY PROCESS
    SEGMENT: ?PR?_OLED_DRAWRECTANGLE?OLED

*** WARNING L16: UNCALLED SEGMENT, IGNORED FOR OVERLAY PROCESS
    SEGMENT: ?PR?_OLED_DRAWTRIANGLE?OLED

*** WARNING L16: UNCALLED SEGMENT, IGNORED FOR OVERLAY PROCESS
    SEGMENT: ?PR?_OLED_DRAWELLIPSE?OLED

*** WARNING L16: UNCALLED SEGMENT, IGNORED FOR OVERLAY PROCESS
    SEGMENT: ?PR?_OLED_DRAWARC?OLED

*** WARNING L16: UNCALLED SEGMENT, IGNORED FOR OVERLAY PROCESS
    SEGMENT: ?PR?DELAY_US?OLED

*** WARNING L16: UNCALLED SEGMENT, IGNORED FOR OVERLAY PROCESS
    SEGMENT: ?PR?OLED_DRAWCACTUS?OLED

*** WARNING L16: UNCALLED SEGMENT, IGNORED FOR OVERLAY PROCESS
    SEGMENT: ?PR?_SENDSTRING?USART

*** WARNING L16: UNCALLED SEGMENT, IGNORED FOR OVERLAY PROCESS
    SEGMENT: ?PR?SAVE_HIGHSCORE_TTRIS?TETRIS

*** WARNING L16: UNCALLED SEGMENT, IGNORED FOR OVERLAY PROCESS
    SEGMENT: ?PR?_CHECKSUM?TETRIS

*** WARNING L16: UNCALLED SEGMENT, IGNORED FOR OVERLAY PROCESS
    SEGMENT: ?PR?SNAKE_MODEPROS?SNAKE

Program Size: data=13.0 xdata=1761 code=48972
LINK/LOCATE RUN COMPLETE.  20 WARNING(S),  0 ERROR(S)
